[INFO] Scanning for projects...
[WARNING] 
[WARNING] Some problems were encountered while building the effective model for br.com.synge:synge:jar:1.0.0
[WARNING] 'dependencies.dependency.(groupId:artifactId:type:classifier)' must be unique: org.thymeleaf:thymeleaf:jar -> duplicate declaration of version ${thymeleaf.version} @ line 45, column 21
[WARNING] 
[WARNING] It is highly recommended to fix these problems because they threaten the stability of your build.
[WARNING] 
[WARNING] For this reason, future Maven versions might no longer support building such malformed projects.
[WARNING] 
[INFO] 
[INFO] -------------------------< br.com.synge:synge >-------------------------
[INFO] Building synge 1.0.0
[INFO]   from pom.xml
[INFO] --------------------------------[ jar ]---------------------------------
[INFO] 
[INFO] --- clean:3.2.0:clean (default-clean) @ synge ---
[INFO] Deleting C:\Users\Pichau\IdeaProjects\eq14\target
[INFO] 
[INFO] --- resources:3.4.0:resources (default-resources) @ synge ---
[INFO] Copying 28 resources from src\main\resources to target\classes
[INFO] 
[INFO] --- compiler:3.14.0:compile (default-compile) @ synge ---
[INFO] Recompiling the module because of changed source code.
[INFO] Compiling 34 source files with javac [debug target 21] to target\classes
[INFO] /C:/Users/Pichau/IdeaProjects/eq14/src/main/java/br/com/synge/seguranca/services/JwtService.java: C:\Users\Pichau\IdeaProjects\eq14\src\main\java\br\com\synge\seguranca\services\JwtService.java uses or overrides a deprecated API.
[INFO] /C:/Users/Pichau/IdeaProjects/eq14/src/main/java/br/com/synge/seguranca/services/JwtService.java: Recompile with -Xlint:deprecation for details.
[INFO] ------------------------------------------------------------------------
[INFO] BUILD SUCCESS
[INFO] ------------------------------------------------------------------------
[INFO] Total time:  3.266 s
[INFO] Finished at: 2026-07-02T13:09:53-03:00
[INFO] ------------------------------------------------------------------------
