2026-06-27 00:36:53.834 [main] INFO  br.com.synge.SyngeApplication - Iniciando SYNGE...
2026-06-27 09:30:59.270 [main] INFO  br.com.synge.SyngeApplication - Iniciando SYNGE...
2026-06-27 11:30:19.537 [main] INFO  br.com.synge.SyngeApplication - Iniciando SYNGE...
2026-06-27 11:30:19.990 [main] INFO  io.javalin.Javalin - Starting Javalin ...
2026-06-27 11:30:19.995 [main] INFO  org.eclipse.jetty.server.Server - jetty-11.0.25; built: 2025-03-13T00:15:57.301Z; git: a2e9fae3ad8320f2a713d4fa29bba356a99d1295; jvm 25-loom+1-11
2026-06-27 11:30:20.135 [main] INFO  o.e.j.s.s.DefaultSessionIdManager - Session workerName=node0
2026-06-27 11:30:20.160 [main] INFO  o.e.j.server.handler.ContextHandler - Started o.e.j.s.ServletContextHandler@3af0a9da{/,null,AVAILABLE}
2026-06-27 11:30:20.259 [main] INFO  o.e.jetty.server.AbstractConnector - Started ServerConnector@2ab4bc72{HTTP/1.1, (http/1.1)}{0.0.0.0:8080}
2026-06-27 11:30:20.277 [main] INFO  org.eclipse.jetty.server.Server - Started Server@4f0f2942{STARTING}[11.0.25,sto=0] @3079ms
2026-06-27 11:30:20.278 [main] INFO  io.javalin.Javalin - 
       __                  ___           _____
      / /___ __   ______ _/ (_)___      / ___/
 __  / / __ `/ | / / __ `/ / / __ \    / __ \
/ /_/ / /_/ /| |/ / /_/ / / / / / /   / /_/ /
\____/\__,_/ |___/\__,_/_/_/_/ /_/    \____/

       https://javalin.io/documentation

2026-06-27 11:30:20.280 [main] INFO  io.javalin.Javalin - Javalin started in 464ms \o/
2026-06-27 11:30:20.311 [main] INFO  io.javalin.Javalin - Static file handler added: StaticFileConfig(hostedPath=/, directory=/public, location=CLASSPATH, precompress=false, aliasCheck=null, headers={Cache-Control=max-age=0}, skipFileFunction=Function1<jakarta.servlet.http.HttpServletRequest, java.lang.Boolean>, mimeTypes={}, roles=[]). File system location: 'file:///C:/Users/Mirela/IdeaProjects/eq14/target/classes/public/'
2026-06-27 11:30:20.318 [main] INFO  io.javalin.Javalin - Listening on http://localhost:8080/
2026-06-27 11:30:20.337 [main] INFO  io.javalin.Javalin - You are running Javalin 6.7.0 (released June 22, 2025. Your Javalin version is 369 days old. Consider checking for a newer version.).
2026-06-27 11:30:20.337 [main] INFO  br.com.synge.SyngeApplication - Servidor iniciado na porta 8080
2026-06-27 11:30:24.398 [JettyServerThreadPool-34] ERROR org.thymeleaf.TemplateEngine - [THYMELEAF][JettyServerThreadPool-34] Exception processing template "home": An error happened during template parsing (template: "templates/home.html")
org.thymeleaf.exceptions.TemplateInputException: An error happened during template parsing (template: "templates/home.html")
	at org.thymeleaf.templateparser.markup.AbstractMarkupTemplateParser.parse(AbstractMarkupTemplateParser.java:241)
	at org.thymeleaf.templateparser.markup.AbstractMarkupTemplateParser.parseStandalone(AbstractMarkupTemplateParser.java:100)
	at org.thymeleaf.engine.TemplateManager.parseAndProcess(TemplateManager.java:666)
	at org.thymeleaf.TemplateEngine.process(TemplateEngine.java:1103)
	at org.thymeleaf.TemplateEngine.process(TemplateEngine.java:1064)
	at org.thymeleaf.TemplateEngine.process(TemplateEngine.java:1053)
	at br.com.synge.SyngeApplication.lambda$main$2(SyngeApplication.java:39)
	at io.javalin.router.Endpoint.handle(Endpoint.kt:52)
	at io.javalin.router.ParsedEndpoint.handle(ParsedEndpoint.kt:15)
	at io.javalin.http.servlet.DefaultTasks.HTTP$lambda$11$lambda$9$lambda$8(DefaultTasks.kt:55)
	at io.javalin.http.servlet.JavalinServlet.handleTask(JavalinServlet.kt:99)
	at io.javalin.http.servlet.JavalinServlet.handleSync(JavalinServlet.kt:64)
	at io.javalin.http.servlet.JavalinServlet.handle(JavalinServlet.kt:50)
	at io.javalin.http.servlet.JavalinServlet.service(JavalinServlet.kt:30)
	at jakarta.servlet.http.HttpServlet.service(HttpServlet.java:587)
	at io.javalin.jetty.JavalinJettyServlet.service(JavalinJettyServlet.kt:52)
	at jakarta.servlet.http.HttpServlet.service(HttpServlet.java:587)
	at org.eclipse.jetty.servlet.ServletHolder.handle(ServletHolder.java:764)
	at org.eclipse.jetty.servlet.ServletHandler.doHandle(ServletHandler.java:529)
	at org.eclipse.jetty.server.handler.ScopedHandler.nextHandle(ScopedHandler.java:221)
	at org.eclipse.jetty.server.session.SessionHandler.doHandle(SessionHandler.java:1580)
	at org.eclipse.jetty.server.handler.ScopedHandler.nextHandle(ScopedHandler.java:221)
	at org.eclipse.jetty.server.handler.ContextHandler.doHandle(ContextHandler.java:1381)
	at org.eclipse.jetty.server.handler.ScopedHandler.nextScope(ScopedHandler.java:176)
	at org.eclipse.jetty.servlet.ServletHandler.doScope(ServletHandler.java:484)
	at org.eclipse.jetty.server.session.SessionHandler.doScope(SessionHandler.java:1553)
	at org.eclipse.jetty.server.handler.ScopedHandler.nextScope(ScopedHandler.java:174)
	at org.eclipse.jetty.server.handler.ContextHandler.doScope(ContextHandler.java:1303)
	at org.eclipse.jetty.server.handler.ScopedHandler.handle(ScopedHandler.java:129)
	at org.eclipse.jetty.server.handler.StatisticsHandler.handle(StatisticsHandler.java:173)
	at org.eclipse.jetty.server.handler.HandlerWrapper.handle(HandlerWrapper.java:122)
	at org.eclipse.jetty.server.Server.handle(Server.java:563)
	at org.eclipse.jetty.server.HttpChannel$RequestDispatchable.dispatch(HttpChannel.java:1598)
	at org.eclipse.jetty.server.HttpChannel.dispatch(HttpChannel.java:753)
	at org.eclipse.jetty.server.HttpChannel.handle(HttpChannel.java:501)
	at org.eclipse.jetty.server.HttpConnection.onFillable(HttpConnection.java:287)
	at org.eclipse.jetty.io.AbstractConnection$ReadCallback.succeeded(AbstractConnection.java:314)
	at org.eclipse.jetty.io.FillInterest.fillable(FillInterest.java:100)
	at org.eclipse.jetty.io.SelectableChannelEndPoint$1.run(SelectableChannelEndPoint.java:53)
	at org.eclipse.jetty.util.thread.QueuedThreadPool.runJob(QueuedThreadPool.java:969)
	at org.eclipse.jetty.util.thread.QueuedThreadPool$Runner.doRunJob(QueuedThreadPool.java:1194)
	at org.eclipse.jetty.util.thread.QueuedThreadPool$Runner.run(QueuedThreadPool.java:1149)
	at java.base/java.lang.Thread.run(Thread.java:1447)
Caused by: org.attoparser.ParseException: Link base "/css/home.css" cannot be context relative (/...) unless the context used for executing the engine implements the org.thymeleaf.context.IWebContext interface (template: "home" - line 10, col 28)
	at org.attoparser.MarkupParser.parseDocument(MarkupParser.java:393)
	at org.attoparser.MarkupParser.parse(MarkupParser.java:257)
	at org.thymeleaf.templateparser.markup.AbstractMarkupTemplateParser.parse(AbstractMarkupTemplateParser.java:230)
	... 42 common frames omitted
Caused by: org.thymeleaf.exceptions.TemplateProcessingException: Link base "/css/home.css" cannot be context relative (/...) unless the context used for executing the engine implements the org.thymeleaf.context.IWebContext interface (template: "home" - line 10, col 28)
	at org.thymeleaf.linkbuilder.StandardLinkBuilder.computeContextPath(StandardLinkBuilder.java:514)
	at org.thymeleaf.linkbuilder.StandardLinkBuilder.buildLink(StandardLinkBuilder.java:126)
	at org.thymeleaf.context.AbstractEngineContext.buildLink(AbstractEngineContext.java:167)
	at org.thymeleaf.standard.expression.LinkExpression.executeLinkExpression(LinkExpression.java:292)
	at org.thymeleaf.standard.expression.SimpleExpression.executeSimple(SimpleExpression.java:85)
	at org.thymeleaf.standard.expression.Expression.execute(Expression.java:109)
	at org.thymeleaf.standard.expression.Expression.execute(Expression.java:138)
	at org.thymeleaf.standard.processor.AbstractStandardExpressionAttributeTagProcessor.doProcess(AbstractStandardExpressionAttributeTagProcessor.java:144)
	at org.thymeleaf.processor.element.AbstractAttributeTagProcessor.doProcess(AbstractAttributeTagProcessor.java:74)
	at org.thymeleaf.processor.element.AbstractElementTagProcessor.process(AbstractElementTagProcessor.java:95)
	at org.thymeleaf.util.ProcessorConfigurationUtils$ElementTagProcessorWrapper.process(ProcessorConfigurationUtils.java:633)
	at org.thymeleaf.engine.ProcessorTemplateHandler.handleStandaloneElement(ProcessorTemplateHandler.java:918)
	at org.thymeleaf.engine.TemplateHandlerAdapterMarkupHandler.handleStandaloneElementEnd(TemplateHandlerAdapterMarkupHandler.java:260)
	at org.thymeleaf.templateparser.markup.InlinedOutputExpressionMarkupHandler$InlineMarkupAdapterPreProcessorHandler.handleStandaloneElementEnd(InlinedOutputExpressionMarkupHandler.java:256)
	at org.thymeleaf.standard.inline.OutputExpressionInlinePreProcessorHandler.handleStandaloneElementEnd(OutputExpressionInlinePreProcessorHandler.java:169)
	at org.thymeleaf.templateparser.markup.InlinedOutputExpressionMarkupHandler.handleStandaloneElementEnd(InlinedOutputExpressionMarkupHandler.java:104)
	at org.attoparser.HtmlVoidElement.handleOpenElementEnd(HtmlVoidElement.java:92)
	at org.attoparser.HtmlMarkupHandler.handleOpenElementEnd(HtmlMarkupHandler.java:297)
	at org.attoparser.MarkupEventProcessorHandler.handleOpenElementEnd(MarkupEventProcessorHandler.java:402)
	at org.attoparser.ParsingElementMarkupUtil.parseOpenElement(ParsingElementMarkupUtil.java:159)
	at org.attoparser.MarkupParser.parseBuffer(MarkupParser.java:710)
	at org.attoparser.MarkupParser.parseDocument(MarkupParser.java:301)
	... 44 common frames omitted
2026-06-27 11:30:24.406 [JettyServerThreadPool-34] WARN  io.javalin.Javalin - Uncaught exception
org.thymeleaf.exceptions.TemplateInputException: An error happened during template parsing (template: "templates/home.html")
	at org.thymeleaf.templateparser.markup.AbstractMarkupTemplateParser.parse(AbstractMarkupTemplateParser.java:241)
	at org.thymeleaf.templateparser.markup.AbstractMarkupTemplateParser.parseStandalone(AbstractMarkupTemplateParser.java:100)
	at org.thymeleaf.engine.TemplateManager.parseAndProcess(TemplateManager.java:666)
	at org.thymeleaf.TemplateEngine.process(TemplateEngine.java:1103)
	at org.thymeleaf.TemplateEngine.process(TemplateEngine.java:1064)
	at org.thymeleaf.TemplateEngine.process(TemplateEngine.java:1053)
	at br.com.synge.SyngeApplication.lambda$main$2(SyngeApplication.java:39)
	at io.javalin.router.Endpoint.handle(Endpoint.kt:52)
	at io.javalin.router.ParsedEndpoint.handle(ParsedEndpoint.kt:15)
	at io.javalin.http.servlet.DefaultTasks.HTTP$lambda$11$lambda$9$lambda$8(DefaultTasks.kt:55)
	at io.javalin.http.servlet.JavalinServlet.handleTask(JavalinServlet.kt:99)
	at io.javalin.http.servlet.JavalinServlet.handleSync(JavalinServlet.kt:64)
	at io.javalin.http.servlet.JavalinServlet.handle(JavalinServlet.kt:50)
	at io.javalin.http.servlet.JavalinServlet.service(JavalinServlet.kt:30)
	at jakarta.servlet.http.HttpServlet.service(HttpServlet.java:587)
	at io.javalin.jetty.JavalinJettyServlet.service(JavalinJettyServlet.kt:52)
	at jakarta.servlet.http.HttpServlet.service(HttpServlet.java:587)
	at org.eclipse.jetty.servlet.ServletHolder.handle(ServletHolder.java:764)
	at org.eclipse.jetty.servlet.ServletHandler.doHandle(ServletHandler.java:529)
	at org.eclipse.jetty.server.handler.ScopedHandler.nextHandle(ScopedHandler.java:221)
	at org.eclipse.jetty.server.session.SessionHandler.doHandle(SessionHandler.java:1580)
	at org.eclipse.jetty.server.handler.ScopedHandler.nextHandle(ScopedHandler.java:221)
	at org.eclipse.jetty.server.handler.ContextHandler.doHandle(ContextHandler.java:1381)
	at org.eclipse.jetty.server.handler.ScopedHandler.nextScope(ScopedHandler.java:176)
	at org.eclipse.jetty.servlet.ServletHandler.doScope(ServletHandler.java:484)
	at org.eclipse.jetty.server.session.SessionHandler.doScope(SessionHandler.java:1553)
	at org.eclipse.jetty.server.handler.ScopedHandler.nextScope(ScopedHandler.java:174)
	at org.eclipse.jetty.server.handler.ContextHandler.doScope(ContextHandler.java:1303)
	at org.eclipse.jetty.server.handler.ScopedHandler.handle(ScopedHandler.java:129)
	at org.eclipse.jetty.server.handler.StatisticsHandler.handle(StatisticsHandler.java:173)
	at org.eclipse.jetty.server.handler.HandlerWrapper.handle(HandlerWrapper.java:122)
	at org.eclipse.jetty.server.Server.handle(Server.java:563)
	at org.eclipse.jetty.server.HttpChannel$RequestDispatchable.dispatch(HttpChannel.java:1598)
	at org.eclipse.jetty.server.HttpChannel.dispatch(HttpChannel.java:753)
	at org.eclipse.jetty.server.HttpChannel.handle(HttpChannel.java:501)
	at org.eclipse.jetty.server.HttpConnection.onFillable(HttpConnection.java:287)
	at org.eclipse.jetty.io.AbstractConnection$ReadCallback.succeeded(AbstractConnection.java:314)
	at org.eclipse.jetty.io.FillInterest.fillable(FillInterest.java:100)
	at org.eclipse.jetty.io.SelectableChannelEndPoint$1.run(SelectableChannelEndPoint.java:53)
	at org.eclipse.jetty.util.thread.QueuedThreadPool.runJob(QueuedThreadPool.java:969)
	at org.eclipse.jetty.util.thread.QueuedThreadPool$Runner.doRunJob(QueuedThreadPool.java:1194)
	at org.eclipse.jetty.util.thread.QueuedThreadPool$Runner.run(QueuedThreadPool.java:1149)
	at java.base/java.lang.Thread.run(Thread.java:1447)
Caused by: org.attoparser.ParseException: Link base "/css/home.css" cannot be context relative (/...) unless the context used for executing the engine implements the org.thymeleaf.context.IWebContext interface (template: "home" - line 10, col 28)
	at org.attoparser.MarkupParser.parseDocument(MarkupParser.java:393)
	at org.attoparser.MarkupParser.parse(MarkupParser.java:257)
	at org.thymeleaf.templateparser.markup.AbstractMarkupTemplateParser.parse(AbstractMarkupTemplateParser.java:230)
	... 42 common frames omitted
Caused by: org.thymeleaf.exceptions.TemplateProcessingException: Link base "/css/home.css" cannot be context relative (/...) unless the context used for executing the engine implements the org.thymeleaf.context.IWebContext interface (template: "home" - line 10, col 28)
	at org.thymeleaf.linkbuilder.StandardLinkBuilder.computeContextPath(StandardLinkBuilder.java:514)
	at org.thymeleaf.linkbuilder.StandardLinkBuilder.buildLink(StandardLinkBuilder.java:126)
	at org.thymeleaf.context.AbstractEngineContext.buildLink(AbstractEngineContext.java:167)
	at org.thymeleaf.standard.expression.LinkExpression.executeLinkExpression(LinkExpression.java:292)
	at org.thymeleaf.standard.expression.SimpleExpression.executeSimple(SimpleExpression.java:85)
	at org.thymeleaf.standard.expression.Expression.execute(Expression.java:109)
	at org.thymeleaf.standard.expression.Expression.execute(Expression.java:138)
	at org.thymeleaf.standard.processor.AbstractStandardExpressionAttributeTagProcessor.doProcess(AbstractStandardExpressionAttributeTagProcessor.java:144)
	at org.thymeleaf.processor.element.AbstractAttributeTagProcessor.doProcess(AbstractAttributeTagProcessor.java:74)
	at org.thymeleaf.processor.element.AbstractElementTagProcessor.process(AbstractElementTagProcessor.java:95)
	at org.thymeleaf.util.ProcessorConfigurationUtils$ElementTagProcessorWrapper.process(ProcessorConfigurationUtils.java:633)
	at org.thymeleaf.engine.ProcessorTemplateHandler.handleStandaloneElement(ProcessorTemplateHandler.java:918)
	at org.thymeleaf.engine.TemplateHandlerAdapterMarkupHandler.handleStandaloneElementEnd(TemplateHandlerAdapterMarkupHandler.java:260)
	at org.thymeleaf.templateparser.markup.InlinedOutputExpressionMarkupHandler$InlineMarkupAdapterPreProcessorHandler.handleStandaloneElementEnd(InlinedOutputExpressionMarkupHandler.java:256)
	at org.thymeleaf.standard.inline.OutputExpressionInlinePreProcessorHandler.handleStandaloneElementEnd(OutputExpressionInlinePreProcessorHandler.java:169)
	at org.thymeleaf.templateparser.markup.InlinedOutputExpressionMarkupHandler.handleStandaloneElementEnd(InlinedOutputExpressionMarkupHandler.java:104)
	at org.attoparser.HtmlVoidElement.handleOpenElementEnd(HtmlVoidElement.java:92)
	at org.attoparser.HtmlMarkupHandler.handleOpenElementEnd(HtmlMarkupHandler.java:297)
	at org.attoparser.MarkupEventProcessorHandler.handleOpenElementEnd(MarkupEventProcessorHandler.java:402)
	at org.attoparser.ParsingElementMarkupUtil.parseOpenElement(ParsingElementMarkupUtil.java:159)
	at org.attoparser.MarkupParser.parseBuffer(MarkupParser.java:710)
	at org.attoparser.MarkupParser.parseDocument(MarkupParser.java:301)
	... 44 common frames omitted
2026-06-27 11:47:26.999 [main] INFO  br.com.synge.SyngeApplication - Iniciando SYNGE...
2026-06-27 11:47:27.371 [main] INFO  io.javalin.Javalin - Starting Javalin ...
2026-06-27 11:47:27.375 [main] INFO  org.eclipse.jetty.server.Server - jetty-11.0.25; built: 2025-03-13T00:15:57.301Z; git: a2e9fae3ad8320f2a713d4fa29bba356a99d1295; jvm 21.0.11+10-LTS
2026-06-27 11:47:27.513 [main] INFO  o.e.j.s.s.DefaultSessionIdManager - Session workerName=node0
2026-06-27 11:47:27.535 [main] INFO  o.e.j.server.handler.ContextHandler - Started o.e.j.s.ServletContextHandler@1c93f6e1{/,null,AVAILABLE}
2026-06-27 11:47:27.678 [main] INFO  o.e.jetty.server.AbstractConnector - Started ServerConnector@311bf055{HTTP/1.1, (http/1.1)}{0.0.0.0:8080}
2026-06-27 11:47:27.711 [main] INFO  org.eclipse.jetty.server.Server - Started Server@4ef74c30{STARTING}[11.0.25,sto=0] @1529ms
2026-06-27 11:47:27.712 [main] INFO  io.javalin.Javalin - 
       __                  ___           _____
      / /___ __   ______ _/ (_)___      / ___/
 __  / / __ `/ | / / __ `/ / / __ \    / __ \
/ /_/ / /_/ /| |/ / /_/ / / / / / /   / /_/ /
\____/\__,_/ |___/\__,_/_/_/_/ /_/    \____/

       https://javalin.io/documentation

2026-06-27 11:47:27.716 [main] INFO  io.javalin.Javalin - Javalin started in 522ms \o/
2026-06-27 11:47:27.769 [main] INFO  io.javalin.Javalin - Static file handler added: StaticFileConfig(hostedPath=/, directory=/public, location=CLASSPATH, precompress=false, aliasCheck=null, headers={Cache-Control=max-age=0}, skipFileFunction=Function1<jakarta.servlet.http.HttpServletRequest, java.lang.Boolean>, mimeTypes={}, roles=[]). File system location: 'file:///C:/Users/Mirela/IdeaProjects/eq14/target/classes/public/'
2026-06-27 11:47:27.782 [main] INFO  io.javalin.Javalin - Listening on http://localhost:8080/
2026-06-27 11:47:27.806 [main] INFO  io.javalin.Javalin - You are running Javalin 6.7.0 (released June 22, 2025. Your Javalin version is 369 days old. Consider checking for a newer version.).
2026-06-27 11:47:27.806 [main] INFO  br.com.synge.SyngeApplication - Servidor iniciado na porta 8080
2026-06-27 11:47:48.397 [JettyServerThreadPool-31] ERROR org.thymeleaf.TemplateEngine - [THYMELEAF][JettyServerThreadPool-31] Exception processing template "home": An error happened during template parsing (template: "templates/home.html")
org.thymeleaf.exceptions.TemplateInputException: An error happened during template parsing (template: "templates/home.html")
	at org.thymeleaf.templateparser.markup.AbstractMarkupTemplateParser.parse(AbstractMarkupTemplateParser.java:241)
	at org.thymeleaf.templateparser.markup.AbstractMarkupTemplateParser.parseStandalone(AbstractMarkupTemplateParser.java:100)
	at org.thymeleaf.engine.TemplateManager.parseAndProcess(TemplateManager.java:666)
	at org.thymeleaf.TemplateEngine.process(TemplateEngine.java:1103)
	at org.thymeleaf.TemplateEngine.process(TemplateEngine.java:1064)
	at org.thymeleaf.TemplateEngine.process(TemplateEngine.java:1053)
	at br.com.synge.SyngeApplication.lambda$main$2(SyngeApplication.java:39)
	at io.javalin.router.Endpoint.handle(Endpoint.kt:52)
	at io.javalin.router.ParsedEndpoint.handle(ParsedEndpoint.kt:15)
	at io.javalin.http.servlet.DefaultTasks.HTTP$lambda$11$lambda$9$lambda$8(DefaultTasks.kt:55)
	at io.javalin.http.servlet.JavalinServlet.handleTask(JavalinServlet.kt:99)
	at io.javalin.http.servlet.JavalinServlet.handleSync(JavalinServlet.kt:64)
	at io.javalin.http.servlet.JavalinServlet.handle(JavalinServlet.kt:50)
	at io.javalin.http.servlet.JavalinServlet.service(JavalinServlet.kt:30)
	at jakarta.servlet.http.HttpServlet.service(HttpServlet.java:587)
	at io.javalin.jetty.JavalinJettyServlet.service(JavalinJettyServlet.kt:52)
	at jakarta.servlet.http.HttpServlet.service(HttpServlet.java:587)
	at org.eclipse.jetty.servlet.ServletHolder.handle(ServletHolder.java:764)
	at org.eclipse.jetty.servlet.ServletHandler.doHandle(ServletHandler.java:529)
	at org.eclipse.jetty.server.handler.ScopedHandler.nextHandle(ScopedHandler.java:221)
	at org.eclipse.jetty.server.session.SessionHandler.doHandle(SessionHandler.java:1580)
	at org.eclipse.jetty.server.handler.ScopedHandler.nextHandle(ScopedHandler.java:221)
	at org.eclipse.jetty.server.handler.ContextHandler.doHandle(ContextHandler.java:1381)
	at org.eclipse.jetty.server.handler.ScopedHandler.nextScope(ScopedHandler.java:176)
	at org.eclipse.jetty.servlet.ServletHandler.doScope(ServletHandler.java:484)
	at org.eclipse.jetty.server.session.SessionHandler.doScope(SessionHandler.java:1553)
	at org.eclipse.jetty.server.handler.ScopedHandler.nextScope(ScopedHandler.java:174)
	at org.eclipse.jetty.server.handler.ContextHandler.doScope(ContextHandler.java:1303)
	at org.eclipse.jetty.server.handler.ScopedHandler.handle(ScopedHandler.java:129)
	at org.eclipse.jetty.server.handler.StatisticsHandler.handle(StatisticsHandler.java:173)
	at org.eclipse.jetty.server.handler.HandlerWrapper.handle(HandlerWrapper.java:122)
	at org.eclipse.jetty.server.Server.handle(Server.java:563)
	at org.eclipse.jetty.server.HttpChannel$RequestDispatchable.dispatch(HttpChannel.java:1598)
	at org.eclipse.jetty.server.HttpChannel.dispatch(HttpChannel.java:753)
	at org.eclipse.jetty.server.HttpChannel.handle(HttpChannel.java:501)
	at org.eclipse.jetty.server.HttpConnection.onFillable(HttpConnection.java:287)
	at org.eclipse.jetty.io.AbstractConnection$ReadCallback.succeeded(AbstractConnection.java:314)
	at org.eclipse.jetty.io.FillInterest.fillable(FillInterest.java:100)
	at org.eclipse.jetty.io.SelectableChannelEndPoint$1.run(SelectableChannelEndPoint.java:53)
	at org.eclipse.jetty.util.thread.QueuedThreadPool.runJob(QueuedThreadPool.java:969)
	at org.eclipse.jetty.util.thread.QueuedThreadPool$Runner.doRunJob(QueuedThreadPool.java:1194)
	at org.eclipse.jetty.util.thread.QueuedThreadPool$Runner.run(QueuedThreadPool.java:1149)
	at java.base/java.lang.Thread.run(Thread.java:1583)
Caused by: org.attoparser.ParseException: Link base "/css/home.css" cannot be context relative (/...) unless the context used for executing the engine implements the org.thymeleaf.context.IWebContext interface (template: "home" - line 10, col 28)
	at org.attoparser.MarkupParser.parseDocument(MarkupParser.java:393)
	at org.attoparser.MarkupParser.parse(MarkupParser.java:257)
	at org.thymeleaf.templateparser.markup.AbstractMarkupTemplateParser.parse(AbstractMarkupTemplateParser.java:230)
	... 42 common frames omitted
Caused by: org.thymeleaf.exceptions.TemplateProcessingException: Link base "/css/home.css" cannot be context relative (/...) unless the context used for executing the engine implements the org.thymeleaf.context.IWebContext interface (template: "home" - line 10, col 28)
	at org.thymeleaf.linkbuilder.StandardLinkBuilder.computeContextPath(StandardLinkBuilder.java:514)
	at org.thymeleaf.linkbuilder.StandardLinkBuilder.buildLink(StandardLinkBuilder.java:126)
	at org.thymeleaf.context.AbstractEngineContext.buildLink(AbstractEngineContext.java:167)
	at org.thymeleaf.standard.expression.LinkExpression.executeLinkExpression(LinkExpression.java:292)
	at org.thymeleaf.standard.expression.SimpleExpression.executeSimple(SimpleExpression.java:85)
	at org.thymeleaf.standard.expression.Expression.execute(Expression.java:109)
	at org.thymeleaf.standard.expression.Expression.execute(Expression.java:138)
	at org.thymeleaf.standard.processor.AbstractStandardExpressionAttributeTagProcessor.doProcess(AbstractStandardExpressionAttributeTagProcessor.java:144)
	at org.thymeleaf.processor.element.AbstractAttributeTagProcessor.doProcess(AbstractAttributeTagProcessor.java:74)
	at org.thymeleaf.processor.element.AbstractElementTagProcessor.process(AbstractElementTagProcessor.java:95)
	at org.thymeleaf.util.ProcessorConfigurationUtils$ElementTagProcessorWrapper.process(ProcessorConfigurationUtils.java:633)
	at org.thymeleaf.engine.ProcessorTemplateHandler.handleStandaloneElement(ProcessorTemplateHandler.java:918)
	at org.thymeleaf.engine.TemplateHandlerAdapterMarkupHandler.handleStandaloneElementEnd(TemplateHandlerAdapterMarkupHandler.java:260)
	at org.thymeleaf.templateparser.markup.InlinedOutputExpressionMarkupHandler$InlineMarkupAdapterPreProcessorHandler.handleStandaloneElementEnd(InlinedOutputExpressionMarkupHandler.java:256)
	at org.thymeleaf.standard.inline.OutputExpressionInlinePreProcessorHandler.handleStandaloneElementEnd(OutputExpressionInlinePreProcessorHandler.java:169)
	at org.thymeleaf.templateparser.markup.InlinedOutputExpressionMarkupHandler.handleStandaloneElementEnd(InlinedOutputExpressionMarkupHandler.java:104)
	at org.attoparser.HtmlVoidElement.handleOpenElementEnd(HtmlVoidElement.java:92)
	at org.attoparser.HtmlMarkupHandler.handleOpenElementEnd(HtmlMarkupHandler.java:297)
	at org.attoparser.MarkupEventProcessorHandler.handleOpenElementEnd(MarkupEventProcessorHandler.java:402)
	at org.attoparser.ParsingElementMarkupUtil.parseOpenElement(ParsingElementMarkupUtil.java:159)
	at org.attoparser.MarkupParser.parseBuffer(MarkupParser.java:710)
	at org.attoparser.MarkupParser.parseDocument(MarkupParser.java:301)
	... 44 common frames omitted
2026-06-27 11:47:48.404 [JettyServerThreadPool-31] WARN  io.javalin.Javalin - Uncaught exception
org.thymeleaf.exceptions.TemplateInputException: An error happened during template parsing (template: "templates/home.html")
	at org.thymeleaf.templateparser.markup.AbstractMarkupTemplateParser.parse(AbstractMarkupTemplateParser.java:241)
	at org.thymeleaf.templateparser.markup.AbstractMarkupTemplateParser.parseStandalone(AbstractMarkupTemplateParser.java:100)
	at org.thymeleaf.engine.TemplateManager.parseAndProcess(TemplateManager.java:666)
	at org.thymeleaf.TemplateEngine.process(TemplateEngine.java:1103)
	at org.thymeleaf.TemplateEngine.process(TemplateEngine.java:1064)
	at org.thymeleaf.TemplateEngine.process(TemplateEngine.java:1053)
	at br.com.synge.SyngeApplication.lambda$main$2(SyngeApplication.java:39)
	at io.javalin.router.Endpoint.handle(Endpoint.kt:52)
	at io.javalin.router.ParsedEndpoint.handle(ParsedEndpoint.kt:15)
	at io.javalin.http.servlet.DefaultTasks.HTTP$lambda$11$lambda$9$lambda$8(DefaultTasks.kt:55)
	at io.javalin.http.servlet.JavalinServlet.handleTask(JavalinServlet.kt:99)
	at io.javalin.http.servlet.JavalinServlet.handleSync(JavalinServlet.kt:64)
	at io.javalin.http.servlet.JavalinServlet.handle(JavalinServlet.kt:50)
	at io.javalin.http.servlet.JavalinServlet.service(JavalinServlet.kt:30)
	at jakarta.servlet.http.HttpServlet.service(HttpServlet.java:587)
	at io.javalin.jetty.JavalinJettyServlet.service(JavalinJettyServlet.kt:52)
	at jakarta.servlet.http.HttpServlet.service(HttpServlet.java:587)
	at org.eclipse.jetty.servlet.ServletHolder.handle(ServletHolder.java:764)
	at org.eclipse.jetty.servlet.ServletHandler.doHandle(ServletHandler.java:529)
	at org.eclipse.jetty.server.handler.ScopedHandler.nextHandle(ScopedHandler.java:221)
	at org.eclipse.jetty.server.session.SessionHandler.doHandle(SessionHandler.java:1580)
	at org.eclipse.jetty.server.handler.ScopedHandler.nextHandle(ScopedHandler.java:221)
	at org.eclipse.jetty.server.handler.ContextHandler.doHandle(ContextHandler.java:1381)
	at org.eclipse.jetty.server.handler.ScopedHandler.nextScope(ScopedHandler.java:176)
	at org.eclipse.jetty.servlet.ServletHandler.doScope(ServletHandler.java:484)
	at org.eclipse.jetty.server.session.SessionHandler.doScope(SessionHandler.java:1553)
	at org.eclipse.jetty.server.handler.ScopedHandler.nextScope(ScopedHandler.java:174)
	at org.eclipse.jetty.server.handler.ContextHandler.doScope(ContextHandler.java:1303)
	at org.eclipse.jetty.server.handler.ScopedHandler.handle(ScopedHandler.java:129)
	at org.eclipse.jetty.server.handler.StatisticsHandler.handle(StatisticsHandler.java:173)
	at org.eclipse.jetty.server.handler.HandlerWrapper.handle(HandlerWrapper.java:122)
	at org.eclipse.jetty.server.Server.handle(Server.java:563)
	at org.eclipse.jetty.server.HttpChannel$RequestDispatchable.dispatch(HttpChannel.java:1598)
	at org.eclipse.jetty.server.HttpChannel.dispatch(HttpChannel.java:753)
	at org.eclipse.jetty.server.HttpChannel.handle(HttpChannel.java:501)
	at org.eclipse.jetty.server.HttpConnection.onFillable(HttpConnection.java:287)
	at org.eclipse.jetty.io.AbstractConnection$ReadCallback.succeeded(AbstractConnection.java:314)
	at org.eclipse.jetty.io.FillInterest.fillable(FillInterest.java:100)
	at org.eclipse.jetty.io.SelectableChannelEndPoint$1.run(SelectableChannelEndPoint.java:53)
	at org.eclipse.jetty.util.thread.QueuedThreadPool.runJob(QueuedThreadPool.java:969)
	at org.eclipse.jetty.util.thread.QueuedThreadPool$Runner.doRunJob(QueuedThreadPool.java:1194)
	at org.eclipse.jetty.util.thread.QueuedThreadPool$Runner.run(QueuedThreadPool.java:1149)
	at java.base/java.lang.Thread.run(Thread.java:1583)
Caused by: org.attoparser.ParseException: Link base "/css/home.css" cannot be context relative (/...) unless the context used for executing the engine implements the org.thymeleaf.context.IWebContext interface (template: "home" - line 10, col 28)
	at org.attoparser.MarkupParser.parseDocument(MarkupParser.java:393)
	at org.attoparser.MarkupParser.parse(MarkupParser.java:257)
	at org.thymeleaf.templateparser.markup.AbstractMarkupTemplateParser.parse(AbstractMarkupTemplateParser.java:230)
	... 42 common frames omitted
Caused by: org.thymeleaf.exceptions.TemplateProcessingException: Link base "/css/home.css" cannot be context relative (/...) unless the context used for executing the engine implements the org.thymeleaf.context.IWebContext interface (template: "home" - line 10, col 28)
	at org.thymeleaf.linkbuilder.StandardLinkBuilder.computeContextPath(StandardLinkBuilder.java:514)
	at org.thymeleaf.linkbuilder.StandardLinkBuilder.buildLink(StandardLinkBuilder.java:126)
	at org.thymeleaf.context.AbstractEngineContext.buildLink(AbstractEngineContext.java:167)
	at org.thymeleaf.standard.expression.LinkExpression.executeLinkExpression(LinkExpression.java:292)
	at org.thymeleaf.standard.expression.SimpleExpression.executeSimple(SimpleExpression.java:85)
	at org.thymeleaf.standard.expression.Expression.execute(Expression.java:109)
	at org.thymeleaf.standard.expression.Expression.execute(Expression.java:138)
	at org.thymeleaf.standard.processor.AbstractStandardExpressionAttributeTagProcessor.doProcess(AbstractStandardExpressionAttributeTagProcessor.java:144)
	at org.thymeleaf.processor.element.AbstractAttributeTagProcessor.doProcess(AbstractAttributeTagProcessor.java:74)
	at org.thymeleaf.processor.element.AbstractElementTagProcessor.process(AbstractElementTagProcessor.java:95)
	at org.thymeleaf.util.ProcessorConfigurationUtils$ElementTagProcessorWrapper.process(ProcessorConfigurationUtils.java:633)
	at org.thymeleaf.engine.ProcessorTemplateHandler.handleStandaloneElement(ProcessorTemplateHandler.java:918)
	at org.thymeleaf.engine.TemplateHandlerAdapterMarkupHandler.handleStandaloneElementEnd(TemplateHandlerAdapterMarkupHandler.java:260)
	at org.thymeleaf.templateparser.markup.InlinedOutputExpressionMarkupHandler$InlineMarkupAdapterPreProcessorHandler.handleStandaloneElementEnd(InlinedOutputExpressionMarkupHandler.java:256)
	at org.thymeleaf.standard.inline.OutputExpressionInlinePreProcessorHandler.handleStandaloneElementEnd(OutputExpressionInlinePreProcessorHandler.java:169)
	at org.thymeleaf.templateparser.markup.InlinedOutputExpressionMarkupHandler.handleStandaloneElementEnd(InlinedOutputExpressionMarkupHandler.java:104)
	at org.attoparser.HtmlVoidElement.handleOpenElementEnd(HtmlVoidElement.java:92)
	at org.attoparser.HtmlMarkupHandler.handleOpenElementEnd(HtmlMarkupHandler.java:297)
	at org.attoparser.MarkupEventProcessorHandler.handleOpenElementEnd(MarkupEventProcessorHandler.java:402)
	at org.attoparser.ParsingElementMarkupUtil.parseOpenElement(ParsingElementMarkupUtil.java:159)
	at org.attoparser.MarkupParser.parseBuffer(MarkupParser.java:710)
	at org.attoparser.MarkupParser.parseDocument(MarkupParser.java:301)
	... 44 common frames omitted
2026-06-27 14:04:12.709 [main] INFO  br.com.synge.SyngeApplication - Iniciando SYNGE...
2026-06-27 14:04:13.209 [main] INFO  io.javalin.Javalin - Starting Javalin ...
2026-06-27 14:04:13.213 [main] INFO  org.eclipse.jetty.server.Server - jetty-11.0.25; built: 2025-03-13T00:15:57.301Z; git: a2e9fae3ad8320f2a713d4fa29bba356a99d1295; jvm 21.0.11+10-LTS
2026-06-27 14:04:13.235 [main] ERROR io.javalin.Javalin - Failed to start Javalin
2026-06-27 14:04:13.235 [main] INFO  org.eclipse.jetty.server.Server - Stopped Server@4ef74c30{STOPPING}[11.0.25,sto=0]
2026-06-27 14:34:57.475 [main] INFO  br.com.synge.SyngeApplication - Iniciando SYNGE...
2026-06-27 14:34:57.958 [main] INFO  io.javalin.Javalin - Starting Javalin ...
2026-06-27 14:34:57.962 [main] INFO  org.eclipse.jetty.server.Server - jetty-11.0.25; built: 2025-03-13T00:15:57.301Z; git: a2e9fae3ad8320f2a713d4fa29bba356a99d1295; jvm 21.0.11+10-LTS
2026-06-27 14:34:57.987 [main] ERROR io.javalin.Javalin - Failed to start Javalin
2026-06-27 14:34:57.987 [main] INFO  org.eclipse.jetty.server.Server - Stopped Server@4ef74c30{STOPPING}[11.0.25,sto=0]
2026-06-27 14:36:36.848 [main] INFO  br.com.synge.SyngeApplication - Iniciando SYNGE...
2026-06-27 14:36:37.238 [main] INFO  io.javalin.Javalin - Starting Javalin ...
2026-06-27 14:36:37.242 [main] INFO  org.eclipse.jetty.server.Server - jetty-11.0.25; built: 2025-03-13T00:15:57.301Z; git: a2e9fae3ad8320f2a713d4fa29bba356a99d1295; jvm 21.0.11+10-LTS
2026-06-27 14:36:37.376 [main] INFO  o.e.j.s.s.DefaultSessionIdManager - Session workerName=node0
2026-06-27 14:36:37.397 [main] INFO  o.e.j.server.handler.ContextHandler - Started o.e.j.s.ServletContextHandler@1c93f6e1{/,null,AVAILABLE}
2026-06-27 14:36:37.491 [main] INFO  o.e.jetty.server.AbstractConnector - Started ServerConnector@311bf055{HTTP/1.1, (http/1.1)}{0.0.0.0:8080}
2026-06-27 14:36:37.506 [main] INFO  org.eclipse.jetty.server.Server - Started Server@4ef74c30{STARTING}[11.0.25,sto=0] @1527ms
2026-06-27 14:36:37.506 [main] INFO  io.javalin.Javalin - 
       __                  ___           _____
      / /___ __   ______ _/ (_)___      / ___/
 __  / / __ `/ | / / __ `/ / / __ \    / __ \
/ /_/ / /_/ /| |/ / /_/ / / / / / /   / /_/ /
\____/\__,_/ |___/\__,_/_/_/_/ /_/    \____/

       https://javalin.io/documentation

2026-06-27 14:36:37.508 [main] INFO  io.javalin.Javalin - Javalin started in 468ms \o/
2026-06-27 14:36:37.543 [main] INFO  io.javalin.Javalin - Static file handler added: StaticFileConfig(hostedPath=/, directory=/public, location=CLASSPATH, precompress=false, aliasCheck=null, headers={Cache-Control=max-age=0}, skipFileFunction=Function1<jakarta.servlet.http.HttpServletRequest, java.lang.Boolean>, mimeTypes={}, roles=[]). File system location: 'file:///C:/Users/Mirela/IdeaProjects/eq14/target/classes/public/'
2026-06-27 14:36:37.553 [main] INFO  io.javalin.Javalin - Listening on http://localhost:8080/
2026-06-27 14:36:37.575 [main] INFO  io.javalin.Javalin - You are running Javalin 6.7.0 (released June 22, 2025. Your Javalin version is 370 days old. Consider checking for a newer version.).
2026-06-27 14:36:37.575 [main] INFO  br.com.synge.SyngeApplication - Servidor iniciado na porta 8080
2026-06-27 14:45:31.254 [main] INFO  br.com.synge.SyngeApplication - Iniciando SYNGE...
2026-06-27 14:45:31.674 [main] INFO  io.javalin.Javalin - Starting Javalin ...
2026-06-27 14:45:31.677 [main] INFO  org.eclipse.jetty.server.Server - jetty-11.0.25; built: 2025-03-13T00:15:57.301Z; git: a2e9fae3ad8320f2a713d4fa29bba356a99d1295; jvm 21.0.11+10-LTS
2026-06-27 14:45:31.790 [main] INFO  o.e.j.s.s.DefaultSessionIdManager - Session workerName=node0
2026-06-27 14:45:31.812 [main] INFO  o.e.j.server.handler.ContextHandler - Started o.e.j.s.ServletContextHandler@1c93f6e1{/,null,AVAILABLE}
2026-06-27 14:45:31.899 [main] INFO  o.e.jetty.server.AbstractConnector - Started ServerConnector@311bf055{HTTP/1.1, (http/1.1)}{0.0.0.0:8080}
2026-06-27 14:45:31.920 [main] INFO  org.eclipse.jetty.server.Server - Started Server@4ef74c30{STARTING}[11.0.25,sto=0] @1549ms
2026-06-27 14:45:31.920 [main] INFO  io.javalin.Javalin - 
       __                  ___           _____
      / /___ __   ______ _/ (_)___      / ___/
 __  / / __ `/ | / / __ `/ / / __ \    / __ \
/ /_/ / /_/ /| |/ / /_/ / / / / / /   / /_/ /
\____/\__,_/ |___/\__,_/_/_/_/ /_/    \____/

       https://javalin.io/documentation

2026-06-27 14:45:31.922 [main] INFO  io.javalin.Javalin - Javalin started in 442ms \o/
2026-06-27 14:45:31.960 [main] INFO  io.javalin.Javalin - Static file handler added: StaticFileConfig(hostedPath=/, directory=/public, location=CLASSPATH, precompress=false, aliasCheck=null, headers={Cache-Control=max-age=0}, skipFileFunction=Function1<jakarta.servlet.http.HttpServletRequest, java.lang.Boolean>, mimeTypes={}, roles=[]). File system location: 'file:///C:/Users/Mirela/IdeaProjects/eq14/target/classes/public/'
2026-06-27 14:45:31.976 [main] INFO  io.javalin.Javalin - Listening on http://localhost:8080/
2026-06-27 14:45:32.018 [main] INFO  io.javalin.Javalin - You are running Javalin 6.7.0 (released June 22, 2025. Your Javalin version is 370 days old. Consider checking for a newer version.).
2026-06-27 14:45:32.019 [main] INFO  br.com.synge.SyngeApplication - Servidor iniciado na porta 8080
2026-06-27 14:47:09.083 [main] INFO  br.com.synge.SyngeApplication - Iniciando SYNGE...
2026-06-27 14:47:09.512 [main] INFO  io.javalin.Javalin - Starting Javalin ...
2026-06-27 14:47:09.516 [main] INFO  org.eclipse.jetty.server.Server - jetty-11.0.25; built: 2025-03-13T00:15:57.301Z; git: a2e9fae3ad8320f2a713d4fa29bba356a99d1295; jvm 21.0.11+10-LTS
2026-06-27 14:47:09.623 [main] INFO  o.e.j.s.s.DefaultSessionIdManager - Session workerName=node0
2026-06-27 14:47:09.642 [main] INFO  o.e.j.server.handler.ContextHandler - Started o.e.j.s.ServletContextHandler@1c93f6e1{/,null,AVAILABLE}
2026-06-27 14:47:09.719 [main] INFO  o.e.jetty.server.AbstractConnector - Started ServerConnector@311bf055{HTTP/1.1, (http/1.1)}{0.0.0.0:8080}
2026-06-27 14:47:09.741 [main] INFO  org.eclipse.jetty.server.Server - Started Server@4ef74c30{STARTING}[11.0.25,sto=0] @1430ms
2026-06-27 14:47:09.742 [main] INFO  io.javalin.Javalin - 
       __                  ___           _____
      / /___ __   ______ _/ (_)___      / ___/
 __  / / __ `/ | / / __ `/ / / __ \    / __ \
/ /_/ / /_/ /| |/ / /_/ / / / / / /   / /_/ /
\____/\__,_/ |___/\__,_/_/_/_/ /_/    \____/

       https://javalin.io/documentation

2026-06-27 14:47:09.746 [main] INFO  io.javalin.Javalin - Javalin started in 410ms \o/
2026-06-27 14:47:09.781 [main] INFO  io.javalin.Javalin - Static file handler added: StaticFileConfig(hostedPath=/, directory=/public, location=CLASSPATH, precompress=false, aliasCheck=null, headers={Cache-Control=max-age=0}, skipFileFunction=Function1<jakarta.servlet.http.HttpServletRequest, java.lang.Boolean>, mimeTypes={}, roles=[]). File system location: 'file:///C:/Users/Mirela/IdeaProjects/eq14/target/classes/public/'
2026-06-27 14:47:09.793 [main] INFO  io.javalin.Javalin - Listening on http://localhost:8080/
2026-06-27 14:47:09.812 [main] INFO  io.javalin.Javalin - You are running Javalin 6.7.0 (released June 22, 2025. Your Javalin version is 370 days old. Consider checking for a newer version.).
2026-06-27 14:47:09.812 [main] INFO  br.com.synge.SyngeApplication - Servidor iniciado na porta 8080
2026-06-27 14:47:46.077 [main] INFO  br.com.synge.SyngeApplication - Iniciando SYNGE...
2026-06-27 14:47:46.474 [main] INFO  io.javalin.Javalin - Starting Javalin ...
2026-06-27 14:47:46.477 [main] INFO  org.eclipse.jetty.server.Server - jetty-11.0.25; built: 2025-03-13T00:15:57.301Z; git: a2e9fae3ad8320f2a713d4fa29bba356a99d1295; jvm 21.0.11+10-LTS
2026-06-27 14:47:46.611 [main] INFO  o.e.j.s.s.DefaultSessionIdManager - Session workerName=node0
2026-06-27 14:47:46.632 [main] INFO  o.e.j.server.handler.ContextHandler - Started o.e.j.s.ServletContextHandler@1c93f6e1{/,null,AVAILABLE}
2026-06-27 14:47:46.729 [main] INFO  o.e.jetty.server.AbstractConnector - Started ServerConnector@311bf055{HTTP/1.1, (http/1.1)}{0.0.0.0:8080}
2026-06-27 14:47:46.746 [main] INFO  org.eclipse.jetty.server.Server - Started Server@4ef74c30{STARTING}[11.0.25,sto=0] @1527ms
2026-06-27 14:47:46.746 [main] INFO  io.javalin.Javalin - 
       __                  ___           _____
      / /___ __   ______ _/ (_)___      / ___/
 __  / / __ `/ | / / __ `/ / / __ \    / __ \
/ /_/ / /_/ /| |/ / /_/ / / / / / /   / /_/ /
\____/\__,_/ |___/\__,_/_/_/_/ /_/    \____/

       https://javalin.io/documentation

2026-06-27 14:47:46.748 [main] INFO  io.javalin.Javalin - Javalin started in 442ms \o/
2026-06-27 14:47:46.786 [main] INFO  io.javalin.Javalin - Static file handler added: StaticFileConfig(hostedPath=/, directory=/public, location=CLASSPATH, precompress=false, aliasCheck=null, headers={Cache-Control=max-age=0}, skipFileFunction=Function1<jakarta.servlet.http.HttpServletRequest, java.lang.Boolean>, mimeTypes={}, roles=[]). File system location: 'file:///C:/Users/Mirela/IdeaProjects/eq14/target/classes/public/'
2026-06-27 14:47:46.807 [main] INFO  io.javalin.Javalin - Listening on http://localhost:8080/
2026-06-27 14:47:46.840 [main] INFO  io.javalin.Javalin - You are running Javalin 6.7.0 (released June 22, 2025. Your Javalin version is 370 days old. Consider checking for a newer version.).
2026-06-27 14:47:46.841 [main] INFO  br.com.synge.SyngeApplication - Servidor iniciado na porta 8080
2026-06-27 14:50:24.146 [main] INFO  br.com.synge.SyngeApplication - Iniciando SYNGE...
2026-06-27 14:50:24.608 [main] INFO  io.javalin.Javalin - Starting Javalin ...
2026-06-27 14:50:24.612 [main] INFO  org.eclipse.jetty.server.Server - jetty-11.0.25; built: 2025-03-13T00:15:57.301Z; git: a2e9fae3ad8320f2a713d4fa29bba356a99d1295; jvm 21.0.11+10-LTS
2026-06-27 14:50:24.726 [main] INFO  o.e.j.s.s.DefaultSessionIdManager - Session workerName=node0
2026-06-27 14:50:24.743 [main] INFO  o.e.j.server.handler.ContextHandler - Started o.e.j.s.ServletContextHandler@1c93f6e1{/,null,AVAILABLE}
2026-06-27 14:50:24.822 [main] INFO  o.e.jetty.server.AbstractConnector - Started ServerConnector@311bf055{HTTP/1.1, (http/1.1)}{0.0.0.0:8080}
2026-06-27 14:50:24.842 [main] INFO  org.eclipse.jetty.server.Server - Started Server@4ef74c30{STARTING}[11.0.25,sto=0] @1655ms
2026-06-27 14:50:24.842 [main] INFO  io.javalin.Javalin - 
       __                  ___           _____
      / /___ __   ______ _/ (_)___      / ___/
 __  / / __ `/ | / / __ `/ / / __ \    / __ \
/ /_/ / /_/ /| |/ / /_/ / / / / / /   / /_/ /
\____/\__,_/ |___/\__,_/_/_/_/ /_/    \____/

       https://javalin.io/documentation

2026-06-27 14:50:24.845 [main] INFO  io.javalin.Javalin - Javalin started in 390ms \o/
2026-06-27 14:50:24.882 [main] INFO  io.javalin.Javalin - Static file handler added: StaticFileConfig(hostedPath=/, directory=/public, location=CLASSPATH, precompress=false, aliasCheck=null, headers={Cache-Control=max-age=0}, skipFileFunction=Function1<jakarta.servlet.http.HttpServletRequest, java.lang.Boolean>, mimeTypes={}, roles=[]). File system location: 'file:///C:/Users/Mirela/IdeaProjects/eq14/target/classes/public/'
2026-06-27 14:50:24.892 [main] INFO  io.javalin.Javalin - Listening on http://localhost:8080/
2026-06-27 14:50:24.916 [main] INFO  io.javalin.Javalin - You are running Javalin 6.7.0 (released June 22, 2025. Your Javalin version is 370 days old. Consider checking for a newer version.).
2026-06-27 14:50:24.917 [main] INFO  br.com.synge.SyngeApplication - Servidor iniciado na porta 8080
2026-06-27 15:01:07.514 [main] INFO  br.com.synge.SyngeApplication - Iniciando SYNGE...
2026-06-27 15:01:07.962 [main] INFO  io.javalin.Javalin - Starting Javalin ...
2026-06-27 15:01:07.966 [main] INFO  org.eclipse.jetty.server.Server - jetty-11.0.25; built: 2025-03-13T00:15:57.301Z; git: a2e9fae3ad8320f2a713d4fa29bba356a99d1295; jvm 21.0.11+10-LTS
2026-06-27 15:01:08.083 [main] INFO  o.e.j.s.s.DefaultSessionIdManager - Session workerName=node0
2026-06-27 15:01:08.103 [main] INFO  o.e.j.server.handler.ContextHandler - Started o.e.j.s.ServletContextHandler@1c93f6e1{/,null,AVAILABLE}
2026-06-27 15:01:08.198 [main] INFO  o.e.jetty.server.AbstractConnector - Started ServerConnector@311bf055{HTTP/1.1, (http/1.1)}{0.0.0.0:8080}
2026-06-27 15:01:08.219 [main] INFO  org.eclipse.jetty.server.Server - Started Server@4ef74c30{STARTING}[11.0.25,sto=0] @1538ms
2026-06-27 15:01:08.219 [main] INFO  io.javalin.Javalin - 
       __                  ___           _____
      / /___ __   ______ _/ (_)___      / ___/
 __  / / __ `/ | / / __ `/ / / __ \    / __ \
/ /_/ / /_/ /| |/ / /_/ / / / / / /   / /_/ /
\____/\__,_/ |___/\__,_/_/_/_/ /_/    \____/

       https://javalin.io/documentation

2026-06-27 15:01:08.221 [main] INFO  io.javalin.Javalin - Javalin started in 476ms \o/
2026-06-27 15:01:08.251 [main] INFO  io.javalin.Javalin - Static file handler added: StaticFileConfig(hostedPath=/, directory=/public, location=CLASSPATH, precompress=false, aliasCheck=null, headers={Cache-Control=max-age=0}, skipFileFunction=Function1<jakarta.servlet.http.HttpServletRequest, java.lang.Boolean>, mimeTypes={}, roles=[]). File system location: 'file:///C:/Users/Mirela/IdeaProjects/eq14/target/classes/public/'
2026-06-27 15:01:08.261 [main] INFO  io.javalin.Javalin - Listening on http://localhost:8080/
2026-06-27 15:01:08.292 [main] INFO  io.javalin.Javalin - You are running Javalin 6.7.0 (released June 22, 2025. Your Javalin version is 370 days old. Consider checking for a newer version.).
2026-06-27 15:01:08.293 [main] INFO  br.com.synge.SyngeApplication - Servidor iniciado na porta 8080
2026-06-27 15:07:53.902 [main] INFO  br.com.synge.SyngeApplication - Iniciando SYNGE...
2026-06-27 15:07:54.332 [main] INFO  io.javalin.Javalin - Starting Javalin ...
2026-06-27 15:07:54.337 [main] INFO  org.eclipse.jetty.server.Server - jetty-11.0.25; built: 2025-03-13T00:15:57.301Z; git: a2e9fae3ad8320f2a713d4fa29bba356a99d1295; jvm 21.0.11+10-LTS
2026-06-27 15:07:54.474 [main] INFO  o.e.j.s.s.DefaultSessionIdManager - Session workerName=node0
2026-06-27 15:07:54.498 [main] INFO  o.e.j.server.handler.ContextHandler - Started o.e.j.s.ServletContextHandler@1c93f6e1{/,null,AVAILABLE}
2026-06-27 15:07:54.598 [main] INFO  o.e.jetty.server.AbstractConnector - Started ServerConnector@311bf055{HTTP/1.1, (http/1.1)}{0.0.0.0:8080}
2026-06-27 15:07:54.613 [main] INFO  org.eclipse.jetty.server.Server - Started Server@4ef74c30{STARTING}[11.0.25,sto=0] @1633ms
2026-06-27 15:07:54.613 [main] INFO  io.javalin.Javalin - 
       __                  ___           _____
      / /___ __   ______ _/ (_)___      / ___/
 __  / / __ `/ | / / __ `/ / / __ \    / __ \
/ /_/ / /_/ /| |/ / /_/ / / / / / /   / /_/ /
\____/\__,_/ |___/\__,_/_/_/_/ /_/    \____/

       https://javalin.io/documentation

2026-06-27 15:07:54.615 [main] INFO  io.javalin.Javalin - Javalin started in 485ms \o/
2026-06-27 15:07:54.648 [main] INFO  io.javalin.Javalin - Static file handler added: StaticFileConfig(hostedPath=/, directory=/public, location=CLASSPATH, precompress=false, aliasCheck=null, headers={Cache-Control=max-age=0}, skipFileFunction=Function1<jakarta.servlet.http.HttpServletRequest, java.lang.Boolean>, mimeTypes={}, roles=[]). File system location: 'file:///C:/Users/Mirela/IdeaProjects/eq14/target/classes/public/'
2026-06-27 15:07:54.661 [main] INFO  io.javalin.Javalin - Listening on http://localhost:8080/
2026-06-27 15:07:54.689 [main] INFO  io.javalin.Javalin - You are running Javalin 6.7.0 (released June 22, 2025. Your Javalin version is 370 days old. Consider checking for a newer version.).
2026-06-27 15:07:54.689 [main] INFO  br.com.synge.SyngeApplication - Servidor iniciado na porta 8080
2026-06-27 15:18:06.977 [main] INFO  br.com.synge.SyngeApplication - Iniciando SYNGE...
2026-06-27 15:18:07.345 [main] INFO  io.javalin.Javalin - Starting Javalin ...
2026-06-27 15:18:07.349 [main] INFO  org.eclipse.jetty.server.Server - jetty-11.0.25; built: 2025-03-13T00:15:57.301Z; git: a2e9fae3ad8320f2a713d4fa29bba356a99d1295; jvm 21.0.11+10-LTS
2026-06-27 15:18:07.463 [main] INFO  o.e.j.s.s.DefaultSessionIdManager - Session workerName=node0
2026-06-27 15:18:07.483 [main] INFO  o.e.j.server.handler.ContextHandler - Started o.e.j.s.ServletContextHandler@1c93f6e1{/,null,AVAILABLE}
2026-06-27 15:18:07.574 [main] INFO  o.e.jetty.server.AbstractConnector - Started ServerConnector@311bf055{HTTP/1.1, (http/1.1)}{0.0.0.0:8080}
2026-06-27 15:18:07.595 [main] INFO  org.eclipse.jetty.server.Server - Started Server@4ef74c30{STARTING}[11.0.25,sto=0] @1434ms
2026-06-27 15:18:07.595 [main] INFO  io.javalin.Javalin - 
       __                  ___           _____
      / /___ __   ______ _/ (_)___      / ___/
 __  / / __ `/ | / / __ `/ / / __ \    / __ \
/ /_/ / /_/ /| |/ / /_/ / / / / / /   / /_/ /
\____/\__,_/ |___/\__,_/_/_/_/ /_/    \____/

       https://javalin.io/documentation

2026-06-27 15:18:07.598 [main] INFO  io.javalin.Javalin - Javalin started in 424ms \o/
2026-06-27 15:18:07.633 [main] INFO  io.javalin.Javalin - Static file handler added: StaticFileConfig(hostedPath=/, directory=/public, location=CLASSPATH, precompress=false, aliasCheck=null, headers={Cache-Control=max-age=0}, skipFileFunction=Function1<jakarta.servlet.http.HttpServletRequest, java.lang.Boolean>, mimeTypes={}, roles=[]). File system location: 'file:///C:/Users/Mirela/IdeaProjects/eq14/target/classes/public/'
2026-06-27 15:18:07.645 [main] INFO  io.javalin.Javalin - Listening on http://localhost:8080/
2026-06-27 15:18:07.669 [main] INFO  io.javalin.Javalin - You are running Javalin 6.7.0 (released June 22, 2025. Your Javalin version is 370 days old. Consider checking for a newer version.).
2026-06-27 15:18:07.670 [main] INFO  br.com.synge.SyngeApplication - Servidor iniciado na porta 8080
2026-06-27 15:22:38.078 [main] INFO  br.com.synge.SyngeApplication - Iniciando SYNGE...
2026-06-27 15:22:38.485 [main] INFO  io.javalin.Javalin - Starting Javalin ...
2026-06-27 15:22:38.489 [main] INFO  org.eclipse.jetty.server.Server - jetty-11.0.25; built: 2025-03-13T00:15:57.301Z; git: a2e9fae3ad8320f2a713d4fa29bba356a99d1295; jvm 21.0.11+10-LTS
2026-06-27 15:22:38.607 [main] INFO  o.e.j.s.s.DefaultSessionIdManager - Session workerName=node0
2026-06-27 15:22:38.626 [main] INFO  o.e.j.server.handler.ContextHandler - Started o.e.j.s.ServletContextHandler@1c93f6e1{/,null,AVAILABLE}
2026-06-27 15:22:38.738 [main] INFO  o.e.jetty.server.AbstractConnector - Started ServerConnector@311bf055{HTTP/1.1, (http/1.1)}{0.0.0.0:8080}
2026-06-27 15:22:38.757 [main] INFO  org.eclipse.jetty.server.Server - Started Server@4ef74c30{STARTING}[11.0.25,sto=0] @1611ms
2026-06-27 15:22:38.758 [main] INFO  io.javalin.Javalin - 
       __                  ___           _____
      / /___ __   ______ _/ (_)___      / ___/
 __  / / __ `/ | / / __ `/ / / __ \    / __ \
/ /_/ / /_/ /| |/ / /_/ / / / / / /   / /_/ /
\____/\__,_/ |___/\__,_/_/_/_/ /_/    \____/

       https://javalin.io/documentation

2026-06-27 15:22:38.759 [main] INFO  io.javalin.Javalin - Javalin started in 447ms \o/
2026-06-27 15:22:38.794 [main] INFO  io.javalin.Javalin - Static file handler added: StaticFileConfig(hostedPath=/, directory=/public, location=CLASSPATH, precompress=false, aliasCheck=null, headers={Cache-Control=max-age=0}, skipFileFunction=Function1<jakarta.servlet.http.HttpServletRequest, java.lang.Boolean>, mimeTypes={}, roles=[]). File system location: 'file:///C:/Users/Mirela/IdeaProjects/eq14/target/classes/public/'
2026-06-27 15:22:38.805 [main] INFO  io.javalin.Javalin - Listening on http://localhost:8080/
2026-06-27 15:22:38.829 [main] INFO  io.javalin.Javalin - You are running Javalin 6.7.0 (released June 22, 2025. Your Javalin version is 370 days old. Consider checking for a newer version.).
2026-06-27 15:22:38.830 [main] INFO  br.com.synge.SyngeApplication - Servidor iniciado na porta 8080
2026-06-27 15:26:18.331 [main] INFO  br.com.synge.SyngeApplication - Iniciando SYNGE...
2026-06-27 15:26:18.724 [main] INFO  io.javalin.Javalin - Starting Javalin ...
2026-06-27 15:26:18.728 [main] INFO  org.eclipse.jetty.server.Server - jetty-11.0.25; built: 2025-03-13T00:15:57.301Z; git: a2e9fae3ad8320f2a713d4fa29bba356a99d1295; jvm 21.0.11+10-LTS
2026-06-27 15:26:18.856 [main] INFO  o.e.j.s.s.DefaultSessionIdManager - Session workerName=node0
2026-06-27 15:26:18.873 [main] INFO  o.e.j.server.handler.ContextHandler - Started o.e.j.s.ServletContextHandler@1c93f6e1{/,null,AVAILABLE}
2026-06-27 15:26:18.962 [main] INFO  o.e.jetty.server.AbstractConnector - Started ServerConnector@311bf055{HTTP/1.1, (http/1.1)}{0.0.0.0:8080}
2026-06-27 15:26:18.979 [main] INFO  org.eclipse.jetty.server.Server - Started Server@4ef74c30{STARTING}[11.0.25,sto=0] @1522ms
2026-06-27 15:26:18.979 [main] INFO  io.javalin.Javalin - 
       __                  ___           _____
      / /___ __   ______ _/ (_)___      / ___/
 __  / / __ `/ | / / __ `/ / / __ \    / __ \
/ /_/ / /_/ /| |/ / /_/ / / / / / /   / /_/ /
\____/\__,_/ |___/\__,_/_/_/_/ /_/    \____/

       https://javalin.io/documentation

2026-06-27 15:26:18.981 [main] INFO  io.javalin.Javalin - Javalin started in 434ms \o/
2026-06-27 15:26:19.013 [main] INFO  io.javalin.Javalin - Static file handler added: StaticFileConfig(hostedPath=/, directory=/public, location=CLASSPATH, precompress=false, aliasCheck=null, headers={Cache-Control=max-age=0}, skipFileFunction=Function1<jakarta.servlet.http.HttpServletRequest, java.lang.Boolean>, mimeTypes={}, roles=[]). File system location: 'file:///C:/Users/Mirela/IdeaProjects/eq14/target/classes/public/'
2026-06-27 15:26:19.023 [main] INFO  io.javalin.Javalin - Listening on http://localhost:8080/
2026-06-27 15:26:19.043 [main] INFO  io.javalin.Javalin - You are running Javalin 6.7.0 (released June 22, 2025. Your Javalin version is 370 days old. Consider checking for a newer version.).
2026-06-27 15:26:19.043 [main] INFO  br.com.synge.SyngeApplication - Servidor iniciado na porta 8080
2026-06-27 15:48:01.163 [main] INFO  br.com.synge.SyngeApplication - Iniciando SYNGE...
2026-06-27 15:48:01.626 [main] INFO  io.javalin.Javalin - Starting Javalin ...
2026-06-27 15:48:01.630 [main] INFO  org.eclipse.jetty.server.Server - jetty-11.0.25; built: 2025-03-13T00:15:57.301Z; git: a2e9fae3ad8320f2a713d4fa29bba356a99d1295; jvm 21.0.11+10-LTS
2026-06-27 15:48:01.747 [main] INFO  o.e.j.s.s.DefaultSessionIdManager - Session workerName=node0
2026-06-27 15:48:01.767 [main] INFO  o.e.j.server.handler.ContextHandler - Started o.e.j.s.ServletContextHandler@1c93f6e1{/,null,AVAILABLE}
2026-06-27 15:48:01.859 [main] INFO  o.e.jetty.server.AbstractConnector - Started ServerConnector@311bf055{HTTP/1.1, (http/1.1)}{0.0.0.0:8080}
2026-06-27 15:48:01.876 [main] INFO  org.eclipse.jetty.server.Server - Started Server@4ef74c30{STARTING}[11.0.25,sto=0] @1550ms
2026-06-27 15:48:01.876 [main] INFO  io.javalin.Javalin - 
       __                  ___           _____
      / /___ __   ______ _/ (_)___      / ___/
 __  / / __ `/ | / / __ `/ / / __ \    / __ \
/ /_/ / /_/ /| |/ / /_/ / / / / / /   / /_/ /
\____/\__,_/ |___/\__,_/_/_/_/ /_/    \____/

       https://javalin.io/documentation

2026-06-27 15:48:01.878 [main] INFO  io.javalin.Javalin - Javalin started in 410ms \o/
2026-06-27 15:48:01.914 [main] INFO  io.javalin.Javalin - Static file handler added: StaticFileConfig(hostedPath=/, directory=/public, location=CLASSPATH, precompress=false, aliasCheck=null, headers={Cache-Control=max-age=0}, skipFileFunction=Function1<jakarta.servlet.http.HttpServletRequest, java.lang.Boolean>, mimeTypes={}, roles=[]). File system location: 'file:///C:/Users/Mirela/IdeaProjects/eq14/target/classes/public/'
2026-06-27 15:48:01.925 [main] INFO  io.javalin.Javalin - Listening on http://localhost:8080/
2026-06-27 15:48:01.949 [main] INFO  io.javalin.Javalin - You are running Javalin 6.7.0 (released June 22, 2025. Your Javalin version is 370 days old. Consider checking for a newer version.).
2026-06-27 15:48:01.949 [main] INFO  br.com.synge.SyngeApplication - Servidor iniciado na porta 8080
2026-06-27 15:53:22.849 [main] INFO  br.com.synge.SyngeApplication - Iniciando SYNGE...
2026-06-27 15:53:23.227 [main] INFO  io.javalin.Javalin - Starting Javalin ...
2026-06-27 15:53:23.230 [main] INFO  org.eclipse.jetty.server.Server - jetty-11.0.25; built: 2025-03-13T00:15:57.301Z; git: a2e9fae3ad8320f2a713d4fa29bba356a99d1295; jvm 21.0.11+10-LTS
2026-06-27 15:53:23.347 [main] INFO  o.e.j.s.s.DefaultSessionIdManager - Session workerName=node0
2026-06-27 15:53:23.368 [main] INFO  o.e.j.server.handler.ContextHandler - Started o.e.j.s.ServletContextHandler@1c93f6e1{/,null,AVAILABLE}
2026-06-27 15:53:23.455 [main] INFO  o.e.jetty.server.AbstractConnector - Started ServerConnector@311bf055{HTTP/1.1, (http/1.1)}{0.0.0.0:8080}
2026-06-27 15:53:23.475 [main] INFO  org.eclipse.jetty.server.Server - Started Server@4ef74c30{STARTING}[11.0.25,sto=0] @1469ms
2026-06-27 15:53:23.476 [main] INFO  io.javalin.Javalin - 
       __                  ___           _____
      / /___ __   ______ _/ (_)___      / ___/
 __  / / __ `/ | / / __ `/ / / __ \    / __ \
/ /_/ / /_/ /| |/ / /_/ / / / / / /   / /_/ /
\____/\__,_/ |___/\__,_/_/_/_/ /_/    \____/

       https://javalin.io/documentation

2026-06-27 15:53:23.477 [main] INFO  io.javalin.Javalin - Javalin started in 424ms \o/
2026-06-27 15:53:23.509 [main] INFO  io.javalin.Javalin - Static file handler added: StaticFileConfig(hostedPath=/, directory=/public, location=CLASSPATH, precompress=false, aliasCheck=null, headers={Cache-Control=max-age=0}, skipFileFunction=Function1<jakarta.servlet.http.HttpServletRequest, java.lang.Boolean>, mimeTypes={}, roles=[]). File system location: 'file:///C:/Users/Mirela/IdeaProjects/eq14/target/classes/public/'
2026-06-27 15:53:23.521 [main] INFO  io.javalin.Javalin - Listening on http://localhost:8080/
2026-06-27 15:53:23.558 [main] INFO  io.javalin.Javalin - You are running Javalin 6.7.0 (released June 22, 2025. Your Javalin version is 370 days old. Consider checking for a newer version.).
2026-06-27 15:53:23.558 [main] INFO  br.com.synge.SyngeApplication - Servidor iniciado na porta 8080
2026-06-27 15:56:56.146 [main] INFO  br.com.synge.SyngeApplication - Iniciando SYNGE...
2026-06-27 15:56:56.538 [main] INFO  io.javalin.Javalin - Starting Javalin ...
2026-06-27 15:56:56.542 [main] INFO  org.eclipse.jetty.server.Server - jetty-11.0.25; built: 2025-03-13T00:15:57.301Z; git: a2e9fae3ad8320f2a713d4fa29bba356a99d1295; jvm 21.0.11+10-LTS
2026-06-27 15:56:56.657 [main] INFO  o.e.j.s.s.DefaultSessionIdManager - Session workerName=node0
2026-06-27 15:56:56.677 [main] INFO  o.e.j.server.handler.ContextHandler - Started o.e.j.s.ServletContextHandler@1c93f6e1{/,null,AVAILABLE}
2026-06-27 15:56:56.770 [main] INFO  o.e.jetty.server.AbstractConnector - Started ServerConnector@311bf055{HTTP/1.1, (http/1.1)}{0.0.0.0:8080}
2026-06-27 15:56:56.792 [main] INFO  org.eclipse.jetty.server.Server - Started Server@4ef74c30{STARTING}[11.0.25,sto=0] @1475ms
2026-06-27 15:56:56.792 [main] INFO  io.javalin.Javalin - 
       __                  ___           _____
      / /___ __   ______ _/ (_)___      / ___/
 __  / / __ `/ | / / __ `/ / / __ \    / __ \
/ /_/ / /_/ /| |/ / /_/ / / / / / /   / /_/ /
\____/\__,_/ |___/\__,_/_/_/_/ /_/    \____/

       https://javalin.io/documentation

2026-06-27 15:56:56.796 [main] INFO  io.javalin.Javalin - Javalin started in 447ms \o/
2026-06-27 15:56:56.837 [main] INFO  io.javalin.Javalin - Static file handler added: StaticFileConfig(hostedPath=/, directory=/public, location=CLASSPATH, precompress=false, aliasCheck=null, headers={Cache-Control=max-age=0}, skipFileFunction=Function1<jakarta.servlet.http.HttpServletRequest, java.lang.Boolean>, mimeTypes={}, roles=[]). File system location: 'file:///C:/Users/Mirela/IdeaProjects/eq14/target/classes/public/'
2026-06-27 15:56:56.852 [main] INFO  io.javalin.Javalin - Listening on http://localhost:8080/
2026-06-27 15:56:56.880 [main] INFO  io.javalin.Javalin - You are running Javalin 6.7.0 (released June 22, 2025. Your Javalin version is 370 days old. Consider checking for a newer version.).
2026-06-27 15:56:56.880 [main] INFO  br.com.synge.SyngeApplication - Servidor iniciado na porta 8080
2026-06-27 17:02:03.183 [main] INFO  br.com.synge.SyngeApplication - Iniciando SYNGE...
2026-06-27 17:02:03.672 [main] INFO  io.javalin.Javalin - Starting Javalin ...
2026-06-27 17:02:03.676 [main] INFO  org.eclipse.jetty.server.Server - jetty-11.0.25; built: 2025-03-13T00:15:57.301Z; git: a2e9fae3ad8320f2a713d4fa29bba356a99d1295; jvm 21.0.11+10-LTS
2026-06-27 17:02:03.811 [main] INFO  o.e.j.s.s.DefaultSessionIdManager - Session workerName=node0
2026-06-27 17:02:03.835 [main] INFO  o.e.j.server.handler.ContextHandler - Started o.e.j.s.ServletContextHandler@1c93f6e1{/,null,AVAILABLE}
2026-06-27 17:02:03.977 [main] INFO  o.e.jetty.server.AbstractConnector - Started ServerConnector@311bf055{HTTP/1.1, (http/1.1)}{0.0.0.0:8080}
2026-06-27 17:02:03.995 [main] INFO  org.eclipse.jetty.server.Server - Started Server@4ef74c30{STARTING}[11.0.25,sto=0] @1873ms
2026-06-27 17:02:03.996 [main] INFO  io.javalin.Javalin - 
       __                  ___           _____
      / /___ __   ______ _/ (_)___      / ___/
 __  / / __ `/ | / / __ `/ / / __ \    / __ \
/ /_/ / /_/ /| |/ / /_/ / / / / / /   / /_/ /
\____/\__,_/ |___/\__,_/_/_/_/ /_/    \____/

       https://javalin.io/documentation

2026-06-27 17:02:03.998 [main] INFO  io.javalin.Javalin - Javalin started in 541ms \o/
2026-06-27 17:02:04.042 [main] INFO  io.javalin.Javalin - Static file handler added: StaticFileConfig(hostedPath=/, directory=/public, location=CLASSPATH, precompress=false, aliasCheck=null, headers={Cache-Control=max-age=0}, skipFileFunction=Function1<jakarta.servlet.http.HttpServletRequest, java.lang.Boolean>, mimeTypes={}, roles=[]). File system location: 'file:///C:/Users/Mirela/IdeaProjects/eq14/target/classes/public/'
2026-06-27 17:02:04.054 [main] INFO  io.javalin.Javalin - Listening on http://localhost:8080/
2026-06-27 17:02:04.082 [main] INFO  io.javalin.Javalin - You are running Javalin 6.7.0 (released June 22, 2025. Your Javalin version is 370 days old. Consider checking for a newer version.).
2026-06-27 17:02:04.084 [main] INFO  br.com.synge.SyngeApplication - Servidor iniciado na porta 8080
2026-06-27 17:04:01.316 [main] INFO  br.com.synge.SyngeApplication - Iniciando SYNGE...
2026-06-27 17:04:01.694 [main] INFO  io.javalin.Javalin - Starting Javalin ...
2026-06-27 17:04:01.697 [main] INFO  org.eclipse.jetty.server.Server - jetty-11.0.25; built: 2025-03-13T00:15:57.301Z; git: a2e9fae3ad8320f2a713d4fa29bba356a99d1295; jvm 21.0.11+10-LTS
2026-06-27 17:04:01.802 [main] INFO  o.e.j.s.s.DefaultSessionIdManager - Session workerName=node0
2026-06-27 17:04:01.818 [main] INFO  o.e.j.server.handler.ContextHandler - Started o.e.j.s.ServletContextHandler@1c93f6e1{/,null,AVAILABLE}
2026-06-27 17:04:01.895 [main] INFO  o.e.jetty.server.AbstractConnector - Started ServerConnector@311bf055{HTTP/1.1, (http/1.1)}{0.0.0.0:8080}
2026-06-27 17:04:01.915 [main] INFO  org.eclipse.jetty.server.Server - Started Server@4ef74c30{STARTING}[11.0.25,sto=0] @1507ms
2026-06-27 17:04:01.916 [main] INFO  io.javalin.Javalin - 
       __                  ___           _____
      / /___ __   ______ _/ (_)___      / ___/
 __  / / __ `/ | / / __ `/ / / __ \    / __ \
/ /_/ / /_/ /| |/ / /_/ / / / / / /   / /_/ /
\____/\__,_/ |___/\__,_/_/_/_/ /_/    \____/

       https://javalin.io/documentation

2026-06-27 17:04:01.919 [main] INFO  io.javalin.Javalin - Javalin started in 399ms \o/
2026-06-27 17:04:01.959 [main] INFO  io.javalin.Javalin - Static file handler added: StaticFileConfig(hostedPath=/, directory=/public, location=CLASSPATH, precompress=false, aliasCheck=null, headers={Cache-Control=max-age=0}, skipFileFunction=Function1<jakarta.servlet.http.HttpServletRequest, java.lang.Boolean>, mimeTypes={}, roles=[]). File system location: 'file:///C:/Users/Mirela/IdeaProjects/eq14/target/classes/public/'
2026-06-27 17:04:01.969 [main] INFO  io.javalin.Javalin - Listening on http://localhost:8080/
2026-06-27 17:04:01.997 [main] INFO  io.javalin.Javalin - You are running Javalin 6.7.0 (released June 22, 2025. Your Javalin version is 370 days old. Consider checking for a newer version.).
2026-06-27 17:04:01.997 [main] INFO  br.com.synge.SyngeApplication - Servidor iniciado na porta 8080
2026-06-27 17:10:54.733 [main] INFO  br.com.synge.SyngeApplication - Iniciando SYNGE...
2026-06-27 17:10:55.101 [main] INFO  io.javalin.Javalin - Starting Javalin ...
2026-06-27 17:10:55.105 [main] INFO  org.eclipse.jetty.server.Server - jetty-11.0.25; built: 2025-03-13T00:15:57.301Z; git: a2e9fae3ad8320f2a713d4fa29bba356a99d1295; jvm 21.0.11+10-LTS
2026-06-27 17:10:55.211 [main] INFO  o.e.j.s.s.DefaultSessionIdManager - Session workerName=node0
2026-06-27 17:10:55.232 [main] INFO  o.e.j.server.handler.ContextHandler - Started o.e.j.s.ServletContextHandler@1c93f6e1{/,null,AVAILABLE}
2026-06-27 17:10:55.308 [main] INFO  o.e.jetty.server.AbstractConnector - Started ServerConnector@311bf055{HTTP/1.1, (http/1.1)}{0.0.0.0:8080}
2026-06-27 17:10:55.326 [main] INFO  org.eclipse.jetty.server.Server - Started Server@4ef74c30{STARTING}[11.0.25,sto=0] @1399ms
2026-06-27 17:10:55.326 [main] INFO  io.javalin.Javalin - 
       __                  ___           _____
      / /___ __   ______ _/ (_)___      / ___/
 __  / / __ `/ | / / __ `/ / / __ \    / __ \
/ /_/ / /_/ /| |/ / /_/ / / / / / /   / /_/ /
\____/\__,_/ |___/\__,_/_/_/_/ /_/    \____/

       https://javalin.io/documentation

2026-06-27 17:10:55.328 [main] INFO  io.javalin.Javalin - Javalin started in 396ms \o/
2026-06-27 17:10:55.365 [main] INFO  io.javalin.Javalin - Static file handler added: StaticFileConfig(hostedPath=/, directory=/public, location=CLASSPATH, precompress=false, aliasCheck=null, headers={Cache-Control=max-age=0}, skipFileFunction=Function1<jakarta.servlet.http.HttpServletRequest, java.lang.Boolean>, mimeTypes={}, roles=[]). File system location: 'file:///C:/Users/Mirela/IdeaProjects/eq14/target/classes/public/'
2026-06-27 17:10:55.376 [main] INFO  io.javalin.Javalin - Listening on http://localhost:8080/
2026-06-27 17:10:55.394 [main] INFO  io.javalin.Javalin - You are running Javalin 6.7.0 (released June 22, 2025. Your Javalin version is 370 days old. Consider checking for a newer version.).
2026-06-27 17:10:55.395 [main] INFO  br.com.synge.SyngeApplication - Servidor iniciado na porta 8080
2026-06-27 17:12:23.449 [main] INFO  br.com.synge.SyngeApplication - Iniciando SYNGE...
2026-06-27 17:12:23.842 [main] INFO  io.javalin.Javalin - Starting Javalin ...
2026-06-27 17:12:23.846 [main] INFO  org.eclipse.jetty.server.Server - jetty-11.0.25; built: 2025-03-13T00:15:57.301Z; git: a2e9fae3ad8320f2a713d4fa29bba356a99d1295; jvm 21.0.11+10-LTS
2026-06-27 17:12:23.966 [main] INFO  o.e.j.s.s.DefaultSessionIdManager - Session workerName=node0
2026-06-27 17:12:23.984 [main] INFO  o.e.j.server.handler.ContextHandler - Started o.e.j.s.ServletContextHandler@1c93f6e1{/,null,AVAILABLE}
2026-06-27 17:12:24.080 [main] INFO  o.e.jetty.server.AbstractConnector - Started ServerConnector@311bf055{HTTP/1.1, (http/1.1)}{0.0.0.0:8080}
2026-06-27 17:12:24.100 [main] INFO  org.eclipse.jetty.server.Server - Started Server@4ef74c30{STARTING}[11.0.25,sto=0] @1461ms
2026-06-27 17:12:24.101 [main] INFO  io.javalin.Javalin - 
       __                  ___           _____
      / /___ __   ______ _/ (_)___      / ___/
 __  / / __ `/ | / / __ `/ / / __ \    / __ \
/ /_/ / /_/ /| |/ / /_/ / / / / / /   / /_/ /
\____/\__,_/ |___/\__,_/_/_/_/ /_/    \____/

       https://javalin.io/documentation

2026-06-27 17:12:24.103 [main] INFO  io.javalin.Javalin - Javalin started in 425ms \o/
2026-06-27 17:12:24.141 [main] INFO  io.javalin.Javalin - Static file handler added: StaticFileConfig(hostedPath=/, directory=/public, location=CLASSPATH, precompress=false, aliasCheck=null, headers={Cache-Control=max-age=0}, skipFileFunction=Function1<jakarta.servlet.http.HttpServletRequest, java.lang.Boolean>, mimeTypes={}, roles=[]). File system location: 'file:///C:/Users/Mirela/IdeaProjects/eq14/target/classes/public/'
2026-06-27 17:12:24.155 [main] INFO  io.javalin.Javalin - Listening on http://localhost:8080/
2026-06-27 17:12:24.185 [main] INFO  io.javalin.Javalin - You are running Javalin 6.7.0 (released June 22, 2025. Your Javalin version is 370 days old. Consider checking for a newer version.).
2026-06-27 17:12:24.185 [main] INFO  br.com.synge.SyngeApplication - Servidor iniciado na porta 8080
2026-06-27 17:17:25.279 [main] INFO  br.com.synge.SyngeApplication - Iniciando SYNGE...
2026-06-27 17:17:25.658 [main] INFO  io.javalin.Javalin - Starting Javalin ...
2026-06-27 17:17:25.662 [main] INFO  org.eclipse.jetty.server.Server - jetty-11.0.25; built: 2025-03-13T00:15:57.301Z; git: a2e9fae3ad8320f2a713d4fa29bba356a99d1295; jvm 21.0.11+10-LTS
2026-06-27 17:17:25.772 [main] INFO  o.e.j.s.s.DefaultSessionIdManager - Session workerName=node0
2026-06-27 17:17:25.791 [main] INFO  o.e.j.server.handler.ContextHandler - Started o.e.j.s.ServletContextHandler@1c93f6e1{/,null,AVAILABLE}
2026-06-27 17:17:25.880 [main] INFO  o.e.jetty.server.AbstractConnector - Started ServerConnector@311bf055{HTTP/1.1, (http/1.1)}{0.0.0.0:8080}
2026-06-27 17:17:25.901 [main] INFO  org.eclipse.jetty.server.Server - Started Server@4ef74c30{STARTING}[11.0.25,sto=0] @1394ms
2026-06-27 17:17:25.902 [main] INFO  io.javalin.Javalin - 
       __                  ___           _____
      / /___ __   ______ _/ (_)___      / ___/
 __  / / __ `/ | / / __ `/ / / __ \    / __ \
/ /_/ / /_/ /| |/ / /_/ / / / / / /   / /_/ /
\____/\__,_/ |___/\__,_/_/_/_/ /_/    \____/

       https://javalin.io/documentation

2026-06-27 17:17:25.904 [main] INFO  io.javalin.Javalin - Javalin started in 433ms \o/
2026-06-27 17:17:25.941 [main] INFO  io.javalin.Javalin - Static file handler added: StaticFileConfig(hostedPath=/, directory=/public, location=CLASSPATH, precompress=false, aliasCheck=null, headers={Cache-Control=max-age=0}, skipFileFunction=Function1<jakarta.servlet.http.HttpServletRequest, java.lang.Boolean>, mimeTypes={}, roles=[]). File system location: 'file:///C:/Users/Mirela/IdeaProjects/eq14/target/classes/public/'
2026-06-27 17:17:25.952 [main] INFO  io.javalin.Javalin - Listening on http://localhost:8080/
2026-06-27 17:17:25.976 [main] INFO  io.javalin.Javalin - You are running Javalin 6.7.0 (released June 22, 2025. Your Javalin version is 370 days old. Consider checking for a newer version.).
2026-06-27 17:17:25.976 [main] INFO  br.com.synge.SyngeApplication - Servidor iniciado na porta 8080
2026-06-27 17:17:56.112 [main] INFO  br.com.synge.SyngeApplication - Iniciando SYNGE...
2026-06-27 17:17:56.592 [main] INFO  io.javalin.Javalin - Starting Javalin ...
2026-06-27 17:17:56.595 [main] INFO  org.eclipse.jetty.server.Server - jetty-11.0.25; built: 2025-03-13T00:15:57.301Z; git: a2e9fae3ad8320f2a713d4fa29bba356a99d1295; jvm 21.0.11+10-LTS
2026-06-27 17:17:56.697 [main] INFO  o.e.j.s.s.DefaultSessionIdManager - Session workerName=node0
2026-06-27 17:17:56.715 [main] INFO  o.e.j.server.handler.ContextHandler - Started o.e.j.s.ServletContextHandler@1c93f6e1{/,null,AVAILABLE}
2026-06-27 17:17:56.807 [main] INFO  o.e.jetty.server.AbstractConnector - Started ServerConnector@311bf055{HTTP/1.1, (http/1.1)}{0.0.0.0:8080}
2026-06-27 17:17:56.830 [main] INFO  org.eclipse.jetty.server.Server - Started Server@4ef74c30{STARTING}[11.0.25,sto=0] @1771ms
2026-06-27 17:17:56.830 [main] INFO  io.javalin.Javalin - 
       __                  ___           _____
      / /___ __   ______ _/ (_)___      / ___/
 __  / / __ `/ | / / __ `/ / / __ \    / __ \
/ /_/ / /_/ /| |/ / /_/ / / / / / /   / /_/ /
\____/\__,_/ |___/\__,_/_/_/_/ /_/    \____/

       https://javalin.io/documentation

2026-06-27 17:17:56.833 [main] INFO  io.javalin.Javalin - Javalin started in 372ms \o/
2026-06-27 17:17:56.877 [main] INFO  io.javalin.Javalin - Static file handler added: StaticFileConfig(hostedPath=/, directory=/public, location=CLASSPATH, precompress=false, aliasCheck=null, headers={Cache-Control=max-age=0}, skipFileFunction=Function1<jakarta.servlet.http.HttpServletRequest, java.lang.Boolean>, mimeTypes={}, roles=[]). File system location: 'file:///C:/Users/Mirela/IdeaProjects/eq14/target/classes/public/'
2026-06-27 17:17:56.892 [main] INFO  io.javalin.Javalin - Listening on http://localhost:8080/
2026-06-27 17:17:56.915 [main] INFO  io.javalin.Javalin - You are running Javalin 6.7.0 (released June 22, 2025. Your Javalin version is 370 days old. Consider checking for a newer version.).
2026-06-27 17:17:56.916 [main] INFO  br.com.synge.SyngeApplication - Servidor iniciado na porta 8080
2026-06-27 17:29:03.406 [main] INFO  br.com.synge.SyngeApplication - Iniciando SYNGE...
2026-06-27 17:29:03.837 [main] INFO  io.javalin.Javalin - Starting Javalin ...
2026-06-27 17:29:03.842 [main] INFO  org.eclipse.jetty.server.Server - jetty-11.0.25; built: 2025-03-13T00:15:57.301Z; git: a2e9fae3ad8320f2a713d4fa29bba356a99d1295; jvm 21.0.11+10-LTS
2026-06-27 17:29:03.961 [main] INFO  o.e.j.s.s.DefaultSessionIdManager - Session workerName=node0
2026-06-27 17:29:03.979 [main] INFO  o.e.j.server.handler.ContextHandler - Started o.e.j.s.ServletContextHandler@1c93f6e1{/,null,AVAILABLE}
2026-06-27 17:29:04.085 [main] INFO  o.e.jetty.server.AbstractConnector - Started ServerConnector@311bf055{HTTP/1.1, (http/1.1)}{0.0.0.0:8080}
2026-06-27 17:29:04.105 [main] INFO  org.eclipse.jetty.server.Server - Started Server@4ef74c30{STARTING}[11.0.25,sto=0] @1905ms
2026-06-27 17:29:04.105 [main] INFO  io.javalin.Javalin - 
       __                  ___           _____
      / /___ __   ______ _/ (_)___      / ___/
 __  / / __ `/ | / / __ `/ / / __ \    / __ \
/ /_/ / /_/ /| |/ / /_/ / / / / / /   / /_/ /
\____/\__,_/ |___/\__,_/_/_/_/ /_/    \____/

       https://javalin.io/documentation

2026-06-27 17:29:04.108 [main] INFO  io.javalin.Javalin - Javalin started in 473ms \o/
2026-06-27 17:29:04.146 [main] INFO  io.javalin.Javalin - Static file handler added: StaticFileConfig(hostedPath=/, directory=/public, location=CLASSPATH, precompress=false, aliasCheck=null, headers={Cache-Control=max-age=0}, skipFileFunction=Function1<jakarta.servlet.http.HttpServletRequest, java.lang.Boolean>, mimeTypes={}, roles=[]). File system location: 'file:///C:/Users/Mirela/IdeaProjects/eq14/target/classes/public/'
2026-06-27 17:29:04.160 [main] INFO  io.javalin.Javalin - Listening on http://localhost:8080/
2026-06-27 17:29:04.186 [main] INFO  io.javalin.Javalin - You are running Javalin 6.7.0 (released June 22, 2025. Your Javalin version is 370 days old. Consider checking for a newer version.).
2026-06-27 17:29:04.188 [main] INFO  br.com.synge.SyngeApplication - Servidor iniciado na porta 8080
2026-06-27 17:30:38.541 [main] INFO  br.com.synge.SyngeApplication - Iniciando SYNGE...
2026-06-27 17:30:38.968 [main] INFO  io.javalin.Javalin - Starting Javalin ...
2026-06-27 17:30:38.972 [main] INFO  org.eclipse.jetty.server.Server - jetty-11.0.25; built: 2025-03-13T00:15:57.301Z; git: a2e9fae3ad8320f2a713d4fa29bba356a99d1295; jvm 21.0.11+10-LTS
2026-06-27 17:30:39.085 [main] INFO  o.e.j.s.s.DefaultSessionIdManager - Session workerName=node0
2026-06-27 17:30:39.102 [main] INFO  o.e.j.server.handler.ContextHandler - Started o.e.j.s.ServletContextHandler@1c93f6e1{/,null,AVAILABLE}
2026-06-27 17:30:39.183 [main] INFO  o.e.jetty.server.AbstractConnector - Started ServerConnector@311bf055{HTTP/1.1, (http/1.1)}{0.0.0.0:8080}
2026-06-27 17:30:39.210 [main] INFO  org.eclipse.jetty.server.Server - Started Server@4ef74c30{STARTING}[11.0.25,sto=0] @1674ms
2026-06-27 17:30:39.210 [main] INFO  io.javalin.Javalin - 
       __                  ___           _____
      / /___ __   ______ _/ (_)___      / ___/
 __  / / __ `/ | / / __ `/ / / __ \    / __ \
/ /_/ / /_/ /| |/ / /_/ / / / / / /   / /_/ /
\____/\__,_/ |___/\__,_/_/_/_/ /_/    \____/

       https://javalin.io/documentation

2026-06-27 17:30:39.215 [main] INFO  io.javalin.Javalin - Javalin started in 396ms \o/
2026-06-27 17:30:39.250 [main] INFO  io.javalin.Javalin - Static file handler added: StaticFileConfig(hostedPath=/, directory=/public, location=CLASSPATH, precompress=false, aliasCheck=null, headers={Cache-Control=max-age=0}, skipFileFunction=Function1<jakarta.servlet.http.HttpServletRequest, java.lang.Boolean>, mimeTypes={}, roles=[]). File system location: 'file:///C:/Users/Mirela/IdeaProjects/eq14/target/classes/public/'
2026-06-27 17:30:39.260 [main] INFO  io.javalin.Javalin - Listening on http://localhost:8080/
2026-06-27 17:30:39.279 [main] INFO  io.javalin.Javalin - You are running Javalin 6.7.0 (released June 22, 2025. Your Javalin version is 370 days old. Consider checking for a newer version.).
2026-06-27 17:30:39.280 [main] INFO  br.com.synge.SyngeApplication - Servidor iniciado na porta 8080
2026-06-27 17:34:30.821 [main] INFO  br.com.synge.SyngeApplication - Iniciando SYNGE...
2026-06-27 17:34:31.290 [main] INFO  io.javalin.Javalin - Starting Javalin ...
2026-06-27 17:34:31.296 [main] INFO  org.eclipse.jetty.server.Server - jetty-11.0.25; built: 2025-03-13T00:15:57.301Z; git: a2e9fae3ad8320f2a713d4fa29bba356a99d1295; jvm 21.0.11+10-LTS
2026-06-27 17:34:31.421 [main] INFO  o.e.j.s.s.DefaultSessionIdManager - Session workerName=node0
2026-06-27 17:34:31.441 [main] INFO  o.e.j.server.handler.ContextHandler - Started o.e.j.s.ServletContextHandler@1c93f6e1{/,null,AVAILABLE}
2026-06-27 17:34:31.558 [main] INFO  o.e.jetty.server.AbstractConnector - Started ServerConnector@311bf055{HTTP/1.1, (http/1.1)}{0.0.0.0:8080}
2026-06-27 17:34:31.574 [main] INFO  org.eclipse.jetty.server.Server - Started Server@4ef74c30{STARTING}[11.0.25,sto=0] @1553ms
2026-06-27 17:34:31.574 [main] INFO  io.javalin.Javalin - 
       __                  ___           _____
      / /___ __   ______ _/ (_)___      / ___/
 __  / / __ `/ | / / __ `/ / / __ \    / __ \
/ /_/ / /_/ /| |/ / /_/ / / / / / /   / /_/ /
\____/\__,_/ |___/\__,_/_/_/_/ /_/    \____/

       https://javalin.io/documentation

2026-06-27 17:34:31.576 [main] INFO  io.javalin.Javalin - Javalin started in 521ms \o/
2026-06-27 17:34:31.611 [main] INFO  io.javalin.Javalin - Static file handler added: StaticFileConfig(hostedPath=/, directory=/public, location=CLASSPATH, precompress=false, aliasCheck=null, headers={Cache-Control=max-age=0}, skipFileFunction=Function1<jakarta.servlet.http.HttpServletRequest, java.lang.Boolean>, mimeTypes={}, roles=[]). File system location: 'file:///C:/Users/Mirela/IdeaProjects/eq14/target/classes/public/'
2026-06-27 17:34:31.623 [main] INFO  io.javalin.Javalin - Listening on http://localhost:8080/
2026-06-27 17:34:31.654 [main] INFO  io.javalin.Javalin - You are running Javalin 6.7.0 (released June 22, 2025. Your Javalin version is 370 days old. Consider checking for a newer version.).
2026-06-27 17:34:31.655 [main] INFO  br.com.synge.SyngeApplication - Servidor iniciado na porta 8080
2026-06-27 17:37:46.757 [main] INFO  br.com.synge.SyngeApplication - Iniciando SYNGE...
2026-06-27 17:37:47.187 [main] INFO  io.javalin.Javalin - Starting Javalin ...
2026-06-27 17:37:47.191 [main] INFO  org.eclipse.jetty.server.Server - jetty-11.0.25; built: 2025-03-13T00:15:57.301Z; git: a2e9fae3ad8320f2a713d4fa29bba356a99d1295; jvm 21.0.11+10-LTS
2026-06-27 17:37:47.316 [main] INFO  o.e.j.s.s.DefaultSessionIdManager - Session workerName=node0
2026-06-27 17:37:47.335 [main] INFO  o.e.j.server.handler.ContextHandler - Started o.e.j.s.ServletContextHandler@1c93f6e1{/,null,AVAILABLE}
2026-06-27 17:37:47.441 [main] INFO  o.e.jetty.server.AbstractConnector - Started ServerConnector@311bf055{HTTP/1.1, (http/1.1)}{0.0.0.0:8080}
2026-06-27 17:37:47.460 [main] INFO  org.eclipse.jetty.server.Server - Started Server@4ef74c30{STARTING}[11.0.25,sto=0] @1531ms
2026-06-27 17:37:47.461 [main] INFO  io.javalin.Javalin - 
       __                  ___           _____
      / /___ __   ______ _/ (_)___      / ___/
 __  / / __ `/ | / / __ `/ / / __ \    / __ \
/ /_/ / /_/ /| |/ / /_/ / / / / / /   / /_/ /
\____/\__,_/ |___/\__,_/_/_/_/ /_/    \____/

       https://javalin.io/documentation

2026-06-27 17:37:47.463 [main] INFO  io.javalin.Javalin - Javalin started in 464ms \o/
2026-06-27 17:37:47.499 [main] INFO  io.javalin.Javalin - Static file handler added: StaticFileConfig(hostedPath=/, directory=/public, location=CLASSPATH, precompress=false, aliasCheck=null, headers={Cache-Control=max-age=0}, skipFileFunction=Function1<jakarta.servlet.http.HttpServletRequest, java.lang.Boolean>, mimeTypes={}, roles=[]). File system location: 'file:///C:/Users/Mirela/IdeaProjects/eq14/target/classes/public/'
2026-06-27 17:37:47.511 [main] INFO  io.javalin.Javalin - Listening on http://localhost:8080/
2026-06-27 17:37:47.539 [main] INFO  io.javalin.Javalin - You are running Javalin 6.7.0 (released June 22, 2025. Your Javalin version is 370 days old. Consider checking for a newer version.).
2026-06-27 17:37:47.539 [main] INFO  br.com.synge.SyngeApplication - Servidor iniciado na porta 8080
2026-06-27 17:42:46.874 [main] INFO  br.com.synge.SyngeApplication - Iniciando SYNGE...
2026-06-27 17:42:47.303 [main] INFO  io.javalin.Javalin - Starting Javalin ...
2026-06-27 17:42:47.309 [main] INFO  org.eclipse.jetty.server.Server - jetty-11.0.25; built: 2025-03-13T00:15:57.301Z; git: a2e9fae3ad8320f2a713d4fa29bba356a99d1295; jvm 21.0.11+10-LTS
2026-06-27 17:42:47.431 [main] INFO  o.e.j.s.s.DefaultSessionIdManager - Session workerName=node0
2026-06-27 17:42:47.451 [main] INFO  o.e.j.server.handler.ContextHandler - Started o.e.j.s.ServletContextHandler@1c93f6e1{/,null,AVAILABLE}
2026-06-27 17:42:47.562 [main] INFO  o.e.jetty.server.AbstractConnector - Started ServerConnector@311bf055{HTTP/1.1, (http/1.1)}{0.0.0.0:8080}
2026-06-27 17:42:47.581 [main] INFO  org.eclipse.jetty.server.Server - Started Server@4ef74c30{STARTING}[11.0.25,sto=0] @1553ms
2026-06-27 17:42:47.582 [main] INFO  io.javalin.Javalin - 
       __                  ___           _____
      / /___ __   ______ _/ (_)___      / ___/
 __  / / __ `/ | / / __ `/ / / __ \    / __ \
/ /_/ / /_/ /| |/ / /_/ / / / / / /   / /_/ /
\____/\__,_/ |___/\__,_/_/_/_/ /_/    \____/

       https://javalin.io/documentation

2026-06-27 17:42:47.585 [main] INFO  io.javalin.Javalin - Javalin started in 480ms \o/
2026-06-27 17:42:47.625 [main] INFO  io.javalin.Javalin - Static file handler added: StaticFileConfig(hostedPath=/, directory=/public, location=CLASSPATH, precompress=false, aliasCheck=null, headers={Cache-Control=max-age=0}, skipFileFunction=Function1<jakarta.servlet.http.HttpServletRequest, java.lang.Boolean>, mimeTypes={}, roles=[]). File system location: 'file:///C:/Users/Mirela/IdeaProjects/eq14/target/classes/public/'
2026-06-27 17:42:47.638 [main] INFO  io.javalin.Javalin - Listening on http://localhost:8080/
2026-06-27 17:42:47.663 [main] INFO  io.javalin.Javalin - You are running Javalin 6.7.0 (released June 22, 2025. Your Javalin version is 370 days old. Consider checking for a newer version.).
2026-06-27 17:42:47.663 [main] INFO  br.com.synge.SyngeApplication - Servidor iniciado na porta 8080
2026-06-27 20:42:29.324 [main] INFO  br.com.synge.SyngeApplication - Iniciando SYNGE...
2026-06-27 20:42:29.929 [main] INFO  io.javalin.Javalin - Starting Javalin ...
2026-06-27 20:42:29.933 [main] INFO  org.eclipse.jetty.server.Server - jetty-11.0.25; built: 2025-03-13T00:15:57.301Z; git: a2e9fae3ad8320f2a713d4fa29bba356a99d1295; jvm 21.0.11+10-LTS
2026-06-27 20:42:30.060 [main] INFO  o.e.j.s.s.DefaultSessionIdManager - Session workerName=node0
2026-06-27 20:42:30.085 [main] INFO  o.e.j.server.handler.ContextHandler - Started o.e.j.s.ServletContextHandler@1c93f6e1{/,null,AVAILABLE}
2026-06-27 20:42:30.213 [main] INFO  o.e.jetty.server.AbstractConnector - Started ServerConnector@311bf055{HTTP/1.1, (http/1.1)}{0.0.0.0:8080}
2026-06-27 20:42:30.233 [main] INFO  org.eclipse.jetty.server.Server - Started Server@4ef74c30{STARTING}[11.0.25,sto=0] @1887ms
2026-06-27 20:42:30.233 [main] INFO  io.javalin.Javalin - 
       __                  ___           _____
      / /___ __   ______ _/ (_)___      / ___/
 __  / / __ `/ | / / __ `/ / / __ \    / __ \
/ /_/ / /_/ /| |/ / /_/ / / / / / /   / /_/ /
\____/\__,_/ |___/\__,_/_/_/_/ /_/    \____/

       https://javalin.io/documentation

2026-06-27 20:42:30.236 [main] INFO  io.javalin.Javalin - Javalin started in 503ms \o/
2026-06-27 20:42:30.297 [main] INFO  io.javalin.Javalin - Static file handler added: StaticFileConfig(hostedPath=/, directory=/public, location=CLASSPATH, precompress=false, aliasCheck=null, headers={Cache-Control=max-age=0}, skipFileFunction=Function1<jakarta.servlet.http.HttpServletRequest, java.lang.Boolean>, mimeTypes={}, roles=[]). File system location: 'file:///C:/Users/Mirela/IdeaProjects/eq14/target/classes/public/'
2026-06-27 20:42:30.316 [main] INFO  io.javalin.Javalin - Listening on http://localhost:8080/
2026-06-27 20:42:30.354 [main] INFO  io.javalin.Javalin - You are running Javalin 6.7.0 (released June 22, 2025. Your Javalin version is 370 days old. Consider checking for a newer version.).
2026-06-27 20:42:30.356 [main] INFO  br.com.synge.SyngeApplication - Servidor iniciado na porta 8080
2026-06-27 20:46:22.051 [main] INFO  br.com.synge.SyngeApplication - Iniciando SYNGE...
2026-06-27 20:46:23.044 [main] INFO  io.javalin.Javalin - Starting Javalin ...
2026-06-27 20:46:23.053 [main] INFO  org.eclipse.jetty.server.Server - jetty-11.0.25; built: 2025-03-13T00:15:57.301Z; git: a2e9fae3ad8320f2a713d4fa29bba356a99d1295; jvm 21.0.11+10-LTS
2026-06-27 20:46:23.484 [main] INFO  o.e.j.s.s.DefaultSessionIdManager - Session workerName=node0
2026-06-27 20:46:23.523 [main] INFO  o.e.j.server.handler.ContextHandler - Started o.e.j.s.ServletContextHandler@30f5a68a{/,null,AVAILABLE}
2026-06-27 20:46:24.035 [main] INFO  o.e.jetty.server.AbstractConnector - Started ServerConnector@6b8d96d9{HTTP/1.1, (http/1.1)}{0.0.0.0:8080}
2026-06-27 20:46:24.083 [main] INFO  org.eclipse.jetty.server.Server - Started Server@241e8ea6{STARTING}[11.0.25,sto=0] @5925ms
2026-06-27 20:46:24.083 [main] INFO  io.javalin.Javalin - 
       __                  ___           _____
      / /___ __   ______ _/ (_)___      / ___/
 __  / / __ `/ | / / __ `/ / / __ \    / __ \
/ /_/ / /_/ /| |/ / /_/ / / / / / /   / /_/ /
\____/\__,_/ |___/\__,_/_/_/_/ /_/    \____/

       https://javalin.io/documentation

2026-06-27 20:46:24.089 [main] INFO  io.javalin.Javalin - Javalin started in 1523ms \o/
2026-06-27 20:46:24.154 [main] INFO  io.javalin.Javalin - Static file handler added: StaticFileConfig(hostedPath=/, directory=/public, location=CLASSPATH, precompress=false, aliasCheck=null, headers={Cache-Control=max-age=0}, skipFileFunction=Function1<jakarta.servlet.http.HttpServletRequest, java.lang.Boolean>, mimeTypes={}, roles=[]). File system location: 'file:///C:/Users/Mirela/IdeaProjects/eq14/target/classes/public/'
2026-06-27 20:46:24.199 [main] INFO  io.javalin.Javalin - Listening on http://localhost:8080/
2026-06-27 20:46:24.274 [main] INFO  io.javalin.Javalin - You are running Javalin 6.7.0 (released June 22, 2025. Your Javalin version is 370 days old. Consider checking for a newer version.).
2026-06-27 20:46:24.276 [main] INFO  br.com.synge.SyngeApplication - Servidor iniciado na porta 8080
2026-06-27 20:51:50.474 [main] INFO  br.com.synge.SyngeApplication - Iniciando SYNGE...
2026-06-27 20:51:51.144 [main] INFO  io.javalin.Javalin - Starting Javalin ...
2026-06-27 20:51:51.150 [main] INFO  org.eclipse.jetty.server.Server - jetty-11.0.25; built: 2025-03-13T00:15:57.301Z; git: a2e9fae3ad8320f2a713d4fa29bba356a99d1295; jvm 21.0.11+10-LTS
2026-06-27 20:51:51.429 [main] INFO  o.e.j.s.s.DefaultSessionIdManager - Session workerName=node0
2026-06-27 20:51:51.465 [main] INFO  o.e.j.server.handler.ContextHandler - Started o.e.j.s.ServletContextHandler@650eab8{/,null,AVAILABLE}
2026-06-27 20:51:51.608 [main] INFO  o.e.jetty.server.AbstractConnector - Started ServerConnector@32193bea{HTTP/1.1, (http/1.1)}{0.0.0.0:8080}
2026-06-27 20:51:51.657 [main] INFO  org.eclipse.jetty.server.Server - Started Server@3243b914{STARTING}[11.0.25,sto=0] @3137ms
2026-06-27 20:51:51.658 [main] INFO  io.javalin.Javalin - 
       __                  ___           _____
      / /___ __   ______ _/ (_)___      / ___/
 __  / / __ `/ | / / __ `/ / / __ \    / __ \
/ /_/ / /_/ /| |/ / /_/ / / / / / /   / /_/ /
\____/\__,_/ |___/\__,_/_/_/_/ /_/    \____/

       https://javalin.io/documentation

2026-06-27 20:51:51.662 [main] INFO  io.javalin.Javalin - Javalin started in 763ms \o/
2026-06-27 20:51:51.728 [main] INFO  io.javalin.Javalin - Static file handler added: StaticFileConfig(hostedPath=/, directory=/public, location=CLASSPATH, precompress=false, aliasCheck=null, headers={Cache-Control=max-age=0}, skipFileFunction=Function1<jakarta.servlet.http.HttpServletRequest, java.lang.Boolean>, mimeTypes={}, roles=[]). File system location: 'file:///C:/Users/Mirela/IdeaProjects/eq14/target/classes/public/'
2026-06-27 20:51:51.752 [main] INFO  io.javalin.Javalin - Listening on http://localhost:8080/
2026-06-27 20:51:51.897 [main] INFO  io.javalin.Javalin - You are running Javalin 6.7.0 (released June 22, 2025. Your Javalin version is 370 days old. Consider checking for a newer version.).
2026-06-27 20:51:51.899 [main] INFO  br.com.synge.SyngeApplication - Servidor iniciado na porta 8080
2026-06-27 20:53:54.717 [main] INFO  br.com.synge.SyngeApplication - Iniciando SYNGE...
2026-06-27 20:53:55.349 [main] INFO  io.javalin.Javalin - Starting Javalin ...
2026-06-27 20:53:55.355 [main] INFO  org.eclipse.jetty.server.Server - jetty-11.0.25; built: 2025-03-13T00:15:57.301Z; git: a2e9fae3ad8320f2a713d4fa29bba356a99d1295; jvm 21.0.11+10-LTS
2026-06-27 20:53:55.592 [main] INFO  o.e.j.s.s.DefaultSessionIdManager - Session workerName=node0
2026-06-27 20:53:55.654 [main] INFO  o.e.j.server.handler.ContextHandler - Started o.e.j.s.ServletContextHandler@652a7737{/,null,AVAILABLE}
2026-06-27 20:53:55.924 [main] INFO  o.e.jetty.server.AbstractConnector - Started ServerConnector@13f95696{HTTP/1.1, (http/1.1)}{0.0.0.0:8080}
2026-06-27 20:53:55.987 [main] INFO  org.eclipse.jetty.server.Server - Started Server@6d9f7a80{STARTING}[11.0.25,sto=0] @2809ms
2026-06-27 20:53:55.987 [main] INFO  io.javalin.Javalin - 
       __                  ___           _____
      / /___ __   ______ _/ (_)___      / ___/
 __  / / __ `/ | / / __ `/ / / __ \    / __ \
/ /_/ / /_/ /| |/ / /_/ / / / / / /   / /_/ /
\____/\__,_/ |___/\__,_/_/_/_/ /_/    \____/

       https://javalin.io/documentation

2026-06-27 20:53:55.994 [main] INFO  io.javalin.Javalin - Javalin started in 879ms \o/
2026-06-27 20:53:56.091 [main] INFO  io.javalin.Javalin - Static file handler added: StaticFileConfig(hostedPath=/, directory=/public, location=CLASSPATH, precompress=false, aliasCheck=null, headers={Cache-Control=max-age=0}, skipFileFunction=Function1<jakarta.servlet.http.HttpServletRequest, java.lang.Boolean>, mimeTypes={}, roles=[]). File system location: 'file:///C:/Users/Mirela/IdeaProjects/eq14/target/classes/public/'
2026-06-27 20:53:56.126 [main] INFO  io.javalin.Javalin - Listening on http://localhost:8080/
2026-06-27 20:53:56.181 [main] INFO  io.javalin.Javalin - You are running Javalin 6.7.0 (released June 22, 2025. Your Javalin version is 370 days old. Consider checking for a newer version.).
2026-06-27 20:53:56.183 [main] INFO  br.com.synge.SyngeApplication - Servidor iniciado na porta 8080
2026-06-27 23:00:30.674 [main] INFO  br.com.synge.SyngeApplication - Iniciando SYNGE...
2026-06-27 23:00:31.463 [main] INFO  io.javalin.Javalin - Starting Javalin ...
2026-06-27 23:00:31.470 [main] INFO  org.eclipse.jetty.server.Server - jetty-11.0.25; built: 2025-03-13T00:15:57.301Z; git: a2e9fae3ad8320f2a713d4fa29bba356a99d1295; jvm 21.0.11+10-LTS
2026-06-27 23:00:31.916 [main] INFO  o.e.j.s.s.DefaultSessionIdManager - Session workerName=node0
2026-06-27 23:00:31.952 [main] INFO  o.e.j.server.handler.ContextHandler - Started o.e.j.s.ServletContextHandler@1c93f6e1{/,null,AVAILABLE}
2026-06-27 23:00:32.283 [main] INFO  o.e.jetty.server.AbstractConnector - Started ServerConnector@311bf055{HTTP/1.1, (http/1.1)}{0.0.0.0:8080}
2026-06-27 23:00:32.326 [main] INFO  org.eclipse.jetty.server.Server - Started Server@4ef74c30{STARTING}[11.0.25,sto=0] @3453ms
2026-06-27 23:00:32.326 [main] INFO  io.javalin.Javalin - 
       __                  ___           _____
      / /___ __   ______ _/ (_)___      / ___/
 __  / / __ `/ | / / __ `/ / / __ \    / __ \
/ /_/ / /_/ /| |/ / /_/ / / / / / /   / /_/ /
\____/\__,_/ |___/\__,_/_/_/_/ /_/    \____/

       https://javalin.io/documentation

2026-06-27 23:00:32.329 [main] INFO  io.javalin.Javalin - Javalin started in 1130ms \o/
2026-06-27 23:00:32.386 [main] INFO  io.javalin.Javalin - Static file handler added: StaticFileConfig(hostedPath=/, directory=/public, location=CLASSPATH, precompress=false, aliasCheck=null, headers={Cache-Control=max-age=0}, skipFileFunction=Function1<jakarta.servlet.http.HttpServletRequest, java.lang.Boolean>, mimeTypes={}, roles=[]). File system location: 'file:///C:/Users/Mirela/IdeaProjects/eq14/target/classes/public/'
2026-06-27 23:00:32.404 [main] INFO  io.javalin.Javalin - Listening on http://localhost:8080/
2026-06-27 23:00:32.440 [main] INFO  io.javalin.Javalin - You are running Javalin 6.7.0 (released June 22, 2025. Your Javalin version is 370 days old. Consider checking for a newer version.).
2026-06-27 23:00:32.440 [main] INFO  br.com.synge.SyngeApplication - Servidor iniciado na porta 8080
2026-06-27 23:12:19.295 [main] INFO  br.com.synge.SyngeApplication - Iniciando SYNGE...
2026-06-27 23:12:19.778 [main] INFO  io.javalin.Javalin - Starting Javalin ...
2026-06-27 23:12:19.783 [main] INFO  org.eclipse.jetty.server.Server - jetty-11.0.25; built: 2025-03-13T00:15:57.301Z; git: a2e9fae3ad8320f2a713d4fa29bba356a99d1295; jvm 21.0.11+10-LTS
2026-06-27 23:12:19.935 [main] INFO  o.e.j.s.s.DefaultSessionIdManager - Session workerName=node0
2026-06-27 23:12:19.959 [main] INFO  o.e.j.server.handler.ContextHandler - Started o.e.j.s.ServletContextHandler@1c93f6e1{/,null,AVAILABLE}
2026-06-27 23:12:20.127 [main] INFO  o.e.jetty.server.AbstractConnector - Started ServerConnector@311bf055{HTTP/1.1, (http/1.1)}{0.0.0.0:8080}
2026-06-27 23:12:20.146 [main] INFO  org.eclipse.jetty.server.Server - Started Server@4ef74c30{STARTING}[11.0.25,sto=0] @1811ms
2026-06-27 23:12:20.147 [main] INFO  io.javalin.Javalin - 
       __                  ___           _____
      / /___ __   ______ _/ (_)___      / ___/
 __  / / __ `/ | / / __ `/ / / __ \    / __ \
/ /_/ / /_/ /| |/ / /_/ / / / / / /   / /_/ /
\____/\__,_/ |___/\__,_/_/_/_/ /_/    \____/

       https://javalin.io/documentation

2026-06-27 23:12:20.151 [main] INFO  io.javalin.Javalin - Javalin started in 555ms \o/
2026-06-27 23:12:20.204 [main] INFO  io.javalin.Javalin - Static file handler added: StaticFileConfig(hostedPath=/, directory=/public, location=CLASSPATH, precompress=false, aliasCheck=null, headers={Cache-Control=max-age=0}, skipFileFunction=Function1<jakarta.servlet.http.HttpServletRequest, java.lang.Boolean>, mimeTypes={}, roles=[]). File system location: 'file:///C:/Users/Mirela/IdeaProjects/eq14/target/classes/public/'
2026-06-27 23:12:20.219 [main] INFO  io.javalin.Javalin - Listening on http://localhost:8080/
2026-06-27 23:12:20.246 [main] INFO  io.javalin.Javalin - You are running Javalin 6.7.0 (released June 22, 2025. Your Javalin version is 370 days old. Consider checking for a newer version.).
2026-06-27 23:12:20.247 [main] INFO  br.com.synge.SyngeApplication - Servidor iniciado na porta 8080
